Component: ARM Compiler 5.06 update 7 (build 960) Tool: armlink [4d3601]

==============================================================================

Section Cross References

    startup_stm32f407xx.o(STACK) refers (Special) to heapauxi.o(.text) for __use_two_region_memory
    startup_stm32f407xx.o(HEAP) refers (Special) to heapauxi.o(.text) for __use_two_region_memory
    startup_stm32f407xx.o(RESET) refers (Special) to heapauxi.o(.text) for __use_two_region_memory
    startup_stm32f407xx.o(RESET) refers to startup_stm32f407xx.o(STACK) for __initial_sp
    startup_stm32f407xx.o(RESET) refers to startup_stm32f407xx.o(.text) for Reset_Handler
    startup_stm32f407xx.o(RESET) refers to stm32f4xx_it.o(i.NMI_Handler) for NMI_Handler
    startup_stm32f407xx.o(RESET) refers to stm32f4xx_it.o(i.HardFault_Handler) for HardFault_Handler
    startup_stm32f407xx.o(RESET) refers to stm32f4xx_it.o(i.MemManage_Handler) for MemManage_Handler
    startup_stm32f407xx.o(RESET) refers to stm32f4xx_it.o(i.BusFault_Handler) for BusFault_Handler
    startup_stm32f407xx.o(RESET) refers to stm32f4xx_it.o(i.UsageFault_Handler) for UsageFault_Handler
    startup_stm32f407xx.o(RESET) refers to stm32f4xx_it.o(i.SVC_Handler) for SVC_Handler
    startup_stm32f407xx.o(RESET) refers to stm32f4xx_it.o(i.DebugMon_Handler) for DebugMon_Handler
    startup_stm32f407xx.o(RESET) refers to stm32f4xx_it.o(i.PendSV_Handler) for PendSV_Handler
    startup_stm32f407xx.o(RESET) refers to stm32f4xx_it.o(i.SysTick_Handler) for SysTick_Handler
    startup_stm32f407xx.o(RESET) refers to stm32f4xx_it.o(i.EXTI0_IRQHandler) for EXTI0_IRQHandler
    startup_stm32f407xx.o(RESET) refers to stm32f4xx_it.o(i.TIM1_UP_TIM10_IRQHandler) for TIM1_UP_TIM10_IRQHandler
    startup_stm32f407xx.o(RESET) refers to bsp_uart.o(i.USART1_IRQHandler) for USART1_IRQHandler
    startup_stm32f407xx.o(RESET) refers to bsp_uart.o(i.USART2_IRQHandler) for USART2_IRQHandler
    startup_stm32f407xx.o(RESET) refers to bsp_uart.o(i.USART3_IRQHandler) for USART3_IRQHandler
    startup_stm32f407xx.o(RESET) refers to bsp_uart.o(i.UART4_IRQHandler) for UART4_IRQHandler
    startup_stm32f407xx.o(RESET) refers to bsp_uart.o(i.UART5_IRQHandler) for UART5_IRQHandler
    startup_stm32f407xx.o(RESET) refers to bsp_uart.o(i.USART6_IRQHandler) for USART6_IRQHandler
    startup_stm32f407xx.o(.text) refers (Special) to heapauxi.o(.text) for __use_two_region_memory
    startup_stm32f407xx.o(.text) refers to system_stm32f4xx.o(i.SystemInit) for SystemInit
    startup_stm32f407xx.o(.text) refers to __main.o(!!!main) for __main
    startup_stm32f407xx.o(.text) refers to startup_stm32f407xx.o(HEAP) for Heap_Mem
    startup_stm32f407xx.o(.text) refers to startup_stm32f407xx.o(STACK) for Stack_Mem
    main.o(i.HAL_GPIO_EXTI_Callback) refers to main.o(.data) for .data
    main.o(i.HAL_TIM_PeriodElapsedCallback) refers to stm32f4xx_hal_gpio.o(i.HAL_GPIO_TogglePin) for HAL_GPIO_TogglePin
    main.o(i.HAL_TIM_PeriodElapsedCallback) refers to main.o(.data) for .data
    main.o(i.Phase4_OledRefresh) refers to main.o(i.Phase4_ReadStartKey) for Phase4_ReadStartKey
    main.o(i.Phase4_OledRefresh) refers to oled.o(i.OLED_ShowPhase2) for OLED_ShowPhase2
    main.o(i.Phase4_OledRefresh) refers to oled.o(i.OLED_ShowTimeMs) for OLED_ShowTimeMs
    main.o(i.Phase4_OledRefresh) refers to main.o(.data) for .data
    main.o(i.Phase4_ReadStartKey) refers to stm32f4xx_hal_gpio.o(i.HAL_GPIO_ReadPin) for HAL_GPIO_ReadPin
    main.o(i.Phase4_RequestStep) refers to line_follow.o(i.LineFollow_Step) for LineFollow_Step
    main.o(i.Phase4_RequestStep) refers to main.o(i.Phase4_Stop) for Phase4_Stop
    main.o(i.Phase4_RequestStep) refers to main.o(.data) for .data
    main.o(i.Phase4_RequestStep) refers to main.o(.bss) for .bss
    main.o(i.Phase4_SpeedStep) refers to motor.o(i.SpeedControl_Step) for SpeedControl_Step
    main.o(i.Phase4_SpeedStep) refers to motor.o(i.Motor_SetSignedPermille) for Motor_SetSignedPermille
    main.o(i.Phase4_SpeedStep) refers to main.o(.data) for .data
    main.o(i.Phase4_SpeedStep) refers to main.o(.bss) for .bss
    main.o(i.Phase4_Start) refers to line_follow.o(i.LineFollow_Reset) for LineFollow_Reset
    main.o(i.Phase4_Start) refers to motor.o(i.SpeedControl_Reset) for SpeedControl_Reset
    main.o(i.Phase4_Start) refers to encoder.o(i.Encoder_Reset) for Encoder_Reset
    main.o(i.Phase4_Start) refers to stm32f4xx_hal.o(i.HAL_GetTick) for HAL_GetTick
    main.o(i.Phase4_Start) refers to servo.o(i.Servo_StartSweep) for Servo_StartSweep
    main.o(i.Phase4_Start) refers to main.o(i.Phase4_RequestStep) for Phase4_RequestStep
    main.o(i.Phase4_Start) refers to stm32f4xx_hal_gpio.o(i.HAL_GPIO_WritePin) for HAL_GPIO_WritePin
    main.o(i.Phase4_Start) refers to main.o(i.Phase4_Stop) for Phase4_Stop
    main.o(i.Phase4_Start) refers to main.o(.bss) for .bss
    main.o(i.Phase4_Start) refers to main.o(.data) for .data
[...]
    .text                                    0x080003a8   Section        0  __2printf.o(.text)
    .text                                    0x080003c0   Section        0  _printf_dec.o(.text)
    .text                                    0x08000438   Section        0  __printf_flags_ss_wp.o(.text)
    .text                                    0x080005c0   Section      138  rt_memcpy_v6.o(.text)
    .text                                    0x0800064a   Section       78  rt_memclr_w.o(.text)
    .text                                    0x08000698   Section        0  heapauxi.o(.text)
    .text                                    0x0800069e   Section        2  use_no_semi.o(.text)
    .text                                    0x080006a0   Section        0  _printf_intcommon.o(.text)
    .text                                    0x08000754   Section        0  _printf_char_common.o(.text)
    _printf_input_char                       0x08000755   Thumb Code    10  _printf_char_common.o(.text)
    .text                                    0x08000784   Section        0  _printf_char_file.o(.text)
    .text                                    0x080007a8   Section      100  rt_memcpy_w.o(.text)
    .text                                    0x0800080c   Section        0  ferror.o(.text)
    .text                                    0x08000814   Section       74  sys_stackheap_outer.o(.text)
    .text                                    0x0800085e   Section        0  exit.o(.text)
    .text                                    0x08000870   Section        8  libspace.o(.text)
    i.BusFault_Handler                       0x08000878   Section        0  stm32f4xx_it.o(i.BusFault_Handler)
    i.DebugMon_Handler                       0x0800087a   Section        0  stm32f4xx_it.o(i.DebugMon_Handler)
    i.EXTI0_IRQHandler                       0x0800087c   Section        0  stm32f4xx_it.o(i.EXTI0_IRQHandler)
    i.Encoder_Delta16                        0x08000882   Section        0  encoder.o(i.Encoder_Delta16)
    Encoder_Delta16                          0x08000883   Thumb Code     8  encoder.o(i.Encoder_Delta16)
    i.Encoder_GetSample                      0x0800088c   Section        0  encoder.o(i.Encoder_GetSample)
    i.Encoder_Init                           0x08000894   Section        0  encoder.o(i.Encoder_Init)
    i.Encoder_Reset                          0x080008d8   Section        0  encoder.o(i.Encoder_Reset)
    i.Encoder_Update                         0x08000910   Section        0  encoder.o(i.Encoder_Update)
    i.Error_Handler                          0x080009a8   Section        0  main.o(i.Error_Handler)
    i.Gray8_ReadMask                         0x080009ac   Section        0  gray.o(i.Gray8_ReadMask)
    Gray8_ReadMask                           0x080009ad   Thumb Code   150  gray.o(i.Gray8_ReadMask)
    i.Gray_DelayUs                           0x08000a48   Section        0  gray.o(i.Gray_DelayUs)
    Gray_DelayUs                             0x08000a49   Thumb Code    28  gray.o(i.Gray_DelayUs)
    i.Gray_Init                              0x08000a70   Section        0  gray.o(i.Gray_Init)
    i.Gray_Read                              0x08000b10   Section        0  gray.o(i.Gray_Read)
    i.HAL_Delay                              0x08000ba8   Section        0  stm32f4xx_hal.o(i.HAL_Delay)
    i.HAL_GPIO_EXTI_Callback                 0x08000bcc   Section        0  main.o(i.HAL_GPIO_EXTI_Callback)
    i.HAL_GPIO_EXTI_IRQHandler               0x08000be0   Section        0  stm32f4xx_hal_gpio.o(i.HAL_GPIO_EXTI_IRQHandler)
    i.HAL_GPIO_Init                          0x08000bf8   Section        0  stm32f4xx_hal_gpio.o(i.HAL_GPIO_Init)
    i.HAL_GPIO_ReadPin                       0x08000de8   Section        0  stm32f4xx_hal_gpio.o(i.HAL_GPIO_ReadPin)
    i.HAL_GPIO_TogglePin                     0x08000df2   Section        0  stm32f4xx_hal_gpio.o(i.HAL_GPIO_TogglePin)
    i.HAL_GPIO_WritePin                      0x08000e02   Section        0  stm32f4xx_hal_gpio.o(i.HAL_GPIO_WritePin)
    i.HAL_GetTick                            0x08000e0c   Section        0  stm32f4xx_hal.o(i.HAL_GetTick)
    i.HAL_IncTick                            0x08000e18   Section        0  stm32f4xx_hal.o(i.HAL_IncTick)
    i.HAL_Init                               0x08000e28   Section        0  stm32f4xx_hal.o(i.HAL_Init)
    i.HAL_InitTick                           0x08000e5c   Section        0  stm32f4xx_hal.o(i.HAL_InitTick)
    i.HAL_MspInit                            0x08000e9c   Section        0  stm32f4xx_hal_msp.o(i.HAL_MspInit)
    i.HAL_NVIC_EnableIRQ                     0x08000ecc   Section        0  stm32f4xx_hal_cortex.o(i.HAL_NVIC_EnableIRQ)
    i.HAL_NVIC_SetPriority                   0x08000ee8   Section        0  stm32f4xx_hal_cortex.o(i.HAL_NVIC_SetPriority)
    i.HAL_NVIC_SetPriorityGrouping           0x08000f28   Section        0  stm32f4xx_hal_cortex.o(i.HAL_NVIC_SetPriorityGrouping)
    i.HAL_RCC_ClockConfig                    0x08000f4c   Section        0  stm32f4xx_hal_rcc.o(i.HAL_RCC_ClockConfig)
    i.HAL_RCC_GetSysClockFreq                0x08001080   Section        0  stm32f4xx_hal_rcc.o(i.HAL_RCC_GetSysClockFreq)
    i.HAL_RCC_OscConfig                      0x080010e4   Section        0  stm32f4xx_hal_rcc.o(i.HAL_RCC_OscConfig)
    i.HAL_SYSTICK_Config                     0x08001450   Section        0  stm32f4xx_hal_cortex.o(i.HAL_SYSTICK_Config)
    i.HAL_TIMEx_BreakCallback                0x08001478   Section        0  stm32f4xx_hal_tim_ex.o(i.HAL_TIMEx_BreakCallback)
    i.HAL_TIMEx_CommutCallback               0x0800147a   Section        0  stm32f4xx_hal_tim_ex.o(i.HAL_TIMEx_CommutCallback)
    i.HAL_TIMEx_MasterConfigSynchronization  0x0800147c   Section        0  stm32f4xx_hal_tim_ex.o(i.HAL_TIMEx_MasterConfigSynchronization)
    i.HAL_TIM_Base_Init                      0x0800150c   Section        0  stm32f4xx_hal_tim.o(i.HAL_TIM_Base_Init)
    i.HAL_TIM_Base_MspInit                   0x08001568   Section        0  tim.o(i.HAL_TIM_Base_MspInit)
    i.HAL_TIM_Base_Start_IT                  0x080015a4   Section        0  stm32f4xx_hal_tim.o(i.HAL_TIM_Base_Start_IT)
    i.HAL_TIM_ConfigClockSource              0x08001624   Section        0  stm32f4xx_hal_tim.o(i.HAL_TIM_ConfigClockSource)
    i.HAL_TIM_Encoder_Init                   0x08001700   Section        0  stm32f4xx_hal_tim.o(i.HAL_TIM_Encoder_Init)
    i.HAL_TIM_Encoder_MspInit                0x080017a4   Section        0  tim.o(i.HAL_TIM_Encoder_MspInit)
    i.HAL_TIM_Encoder_Start                  0x08001860   Section        0  stm32f4xx_hal_tim.o(i.HAL_TIM_Encoder_Start)
    i.HAL_TIM_Encoder_Stop                   0x080018ee   Section        0  stm32f4xx_hal_tim.o(i.HAL_TIM_Encoder_Stop)
    i.HAL_TIM_IC_CaptureCallback             0x08001954   Section        0  stm32f4xx_hal_tim.o(i.HAL_TIM_IC_CaptureCallback)
    i.HAL_TIM_IRQHandler                     0x08001956   Section        0  stm32f4xx_hal_tim.o(i.HAL_TIM_IRQHandler)
    i.HAL_TIM_MspPostInit                    0x08001a88   Section        0  tim.o(i.HAL_TIM_MspPostInit)
    i.HAL_TIM_OC_DelayElapsedCallback        0x08001b08   Section        0  stm32f4xx_hal_tim.o(i.HAL_TIM_OC_DelayElapsedCallback)
    i.HAL_TIM_PWM_ConfigChannel              0x08001b0a   Section        0  stm32f4xx_hal_tim.o(i.HAL_TIM_PWM_ConfigChannel)
    i.HAL_TIM_PWM_Init                       0x08001bd6   Section        0  stm32f4xx_hal_tim.o(i.HAL_TIM_PWM_Init)
    i.HAL_TIM_PWM_MspInit                    0x08001c30   Section        0  tim.o(i.HAL_TIM_PWM_MspInit)
    i.HAL_TIM_PWM_PulseFinishedCallback      0x08001c70   Section        0  stm32f4xx_hal_tim.o(i.HAL_TIM_PWM_PulseFinishedCallback)
    i.HAL_TIM_PWM_Start                      0x08001c74   Section        0  stm32f4xx_hal_tim.o(i.HAL_TIM_PWM_Start)
    i.HAL_TIM_PeriodElapsedCallback          0x08001d3c   Section        0  main.o(i.HAL_TIM_PeriodElapsedCallback)
    i.HAL_TIM_TriggerCallback                0x08001d70   Section        0  stm32f4xx_hal_tim.o(i.HAL_TIM_TriggerCallback)
    i.HardFault_Handler                      0x08001d72   Section        0  stm32f4xx_it.o(i.HardFault_Handler)
    i.LineFollow_ClampPwm                    0x08001d74   Section        0  line_follow.o(i.LineFollow_ClampPwm)
    LineFollow_ClampPwm                      0x08001d75   Thumb Code    24  line_follow.o(i.LineFollow_ClampPwm)
    i.LineFollow_Reset                       0x08001d8c   Section        0  line_follow.o(i.LineFollow_Reset)
    i.LineFollow_Step                        0x08001d9c   Section        0  line_follow.o(i.LineFollow_Step)
    i.MX_EncoderTimer_Init                   0x08001ebc   Section        0  tim.o(i.MX_EncoderTimer_Init)
    MX_EncoderTimer_Init                     0x08001ebd   Thumb Code   100  tim.o(i.MX_EncoderTimer_Init)
    i.MX_GPIO_Init                           0x08001f20   Section        0  gpio.o(i.MX_GPIO_Init)
    i.MX_TIM1_Init                           0x08002004   Section        0  tim.o(i.MX_TIM1_Init)
    i.MX_TIM2_Init                           0x08002070   Section        0  tim.o(i.MX_TIM2_Init)
    i.MX_TIM3_Init                           0x08002080   Section        0  tim.o(i.MX_TIM3_Init)
    i.MX_TIM4_Init                           0x08002090   Section        0  tim.o(i.MX_TIM4_Init)
    i.MX_TIM5_Init                           0x08002110   Section        0  tim.o(i.MX_TIM5_Init)
    i.MemManage_Handler                      0x08002188   Section        0  stm32f4xx_it.o(i.MemManage_Handler)
    i.Motor_Brake                            0x0800218c   Section        0  motor.o(i.Motor_Brake)
    i.Motor_Clamp                            0x080021dc   Section        0  motor.o(i.Motor_Clamp)
    Motor_Clamp                              0x080021dd   Thumb Code    18  motor.o(i.Motor_Clamp)
    i.Motor_Init                             0x080021f0   Section        0  motor.o(i.Motor_Init)
    i.Motor_PermilleToCompare                0x0800221c   Section        0  motor.o(i.Motor_PermilleToCompare)
    Motor_PermilleToCompare                  0x0800221d   Thumb Code    26  motor.o(i.Motor_PermilleToCompare)
    i.Motor_SetDirection                     0x0800223c   Section        0  motor.o(i.Motor_SetDirection)
    Motor_SetDirection                       0x0800223d   Thumb Code    58  motor.o(i.Motor_SetDirection)
    i.Motor_SetSignedPermille                0x08002278   Section        0  motor.o(i.Motor_SetSignedPermille)
    i.Motor_Stop                             0x080022e8   Section        0  motor.o(i.Motor_Stop)
    i.NMI_Handler                            0x08002338   Section        0  stm32f4xx_it.o(i.NMI_Handler)
    i.OLED_Command                           0x0800233a   Section        0  oled.o(i.OLED_Command)
    OLED_Command                             0x0800233b   Thumb Code    34  oled.o(i.OLED_Command)
    i.OLED_FormatBits                        0x0800235c   Section        0  oled.o(i.OLED_FormatBits)
    OLED_FormatBits                          0x0800235d   Thumb Code    50  oled.o(i.OLED_FormatBits)
    i.OLED_Init                              0x08002390   Section        0  oled.o(i.OLED_Init)
    i.OLED_ShowPhase2                        0x080024a8   Section        0  oled.o(i.OLED_ShowPhase2)
    i.OLED_ShowTimeMs                        0x08002710   Section        0  oled.o(i.OLED_ShowTimeMs)
    i.OLED_Start                             0x08002774   Section        0  oled.o(i.OLED_Start)
    OLED_Start                               0x08002775   Thumb Code    42  oled.o(i.OLED_Start)
    i.OLED_Stop                              0x0800279e   Section        0  oled.o(i.OLED_Stop)
    OLED_Stop                                0x0800279f   Thumb Code    34  oled.o(i.OLED_Stop)
    i.OLED_WriteByte                         0x080027c0   Section        0  oled.o(i.OLED_WriteByte)
    OLED_WriteByte                           0x080027c1   Thumb Code    78  oled.o(i.OLED_WriteByte)
    i.OLED_WriteLine                         0x08002810   Section        0  oled.o(i.OLED_WriteLine)
    OLED_WriteLine                           0x08002811   Thumb Code   308  oled.o(i.OLED_WriteLine)
    i.OLED_WritePin                          0x08002948   Section        0  oled.o(i.OLED_WritePin)
    OLED_WritePin                            0x08002949   Thumb Code    38  oled.o(i.OLED_WritePin)
    i.PendSV_Handler                         0x08002980   Section        0  stm32f4xx_it.o(i.PendSV_Handler)
    i.Phase4_CountBits                       0x08002982   Section        0  main.o(i.Phase4_CountBits)
    Phase4_CountBits                         0x08002983   Thumb Code    22  main.o(i.Phase4_CountBits)
    i.Phase4_OledRefresh                     0x08002998   Section        0  main.o(i.Phase4_OledRefresh)
    Phase4_OledRefresh                       0x08002999   Thumb Code   148  main.o(i.Phase4_OledRefresh)
    i.Phase4_ReadStartKey                    0x08002a50   Section        0  main.o(i.Phase4_ReadStartKey)
    Phase4_ReadStartKey                      0x08002a51   Thumb Code    18  main.o(i.Phase4_ReadStartKey)
    i.Phase4_RequestStep                     0x08002a68   Section        0  main.o(i.Phase4_RequestStep)
    Phase4_RequestStep                       0x08002a69   Thumb Code    46  main.o(i.Phase4_RequestStep)
    i.Phase4_SpeedStep                       0x08002aa0   Section        0  main.o(i.Phase4_SpeedStep)
    Phase4_SpeedStep                         0x08002aa1   Thumb Code    56  main.o(i.Phase4_SpeedStep)
    i.Phase4_Start                           0x08002ae0   Section        0  main.o(i.Phase4_Start)
    Phase4_Start                             0x08002ae1   Thumb Code    92  main.o(i.Phase4_Start)
    i.Phase4_Stop                            0x08002b48   Section        0  main.o(i.Phase4_Stop)
    Phase4_Stop                              0x08002b49   Thumb Code    78  main.o(i.Phase4_Stop)
    i.Phase4_StopLineStep                    0x08002ba4   Section        0  main.o(i.Phase4_StopLineStep)
    Phase4_StopLineStep                      0x08002ba5   Thumb Code    96  main.o(i.Phase4_StopLineStep)
    i.Phase4_UpdateElapsed                   0x08002c08   Section        0  main.o(i.Phase4_UpdateElapsed)
    Phase4_UpdateElapsed                     0x08002c09   Thumb Code    16  main.o(i.Phase4_UpdateElapsed)
    i.Phase4_VofaSend                        0x08002c1c   Section        0  main.o(i.Phase4_VofaSend)
    Phase4_VofaSend                          0x08002c1d   Thumb Code   322  main.o(i.Phase4_VofaSend)
    i.SVC_Handler                            0x08002d6c   Section        0  stm32f4xx_it.o(i.SVC_Handler)
    i.Servo_Init                             0x08002d70   Section        0  servo.o(i.Servo_Init)
    i.Servo_SetAngle                         0x08002d88   Section        0  servo.o(i.Servo_SetAngle)
    i.Servo_StartSweep                       0x08002db4   Section        0  servo.o(i.Servo_StartSweep)
    i.Servo_StopSweep                        0x08002dc8   Section        0  servo.o(i.Servo_StopSweep)
    i.Servo_SweepStep                        0x08002dd8   Section        0  servo.o(i.Servo_SweepStep)
    i.SpeedControl_AxisStep                  0x08002e38   Section        0  motor.o(i.SpeedControl_AxisStep)
    SpeedControl_AxisStep                    0x08002e39   Thumb Code   176  motor.o(i.SpeedControl_AxisStep)
    i.SpeedControl_Reset                     0x08002eec   Section        0  motor.o(i.SpeedControl_Reset)
    i.SpeedControl_ResetAxis                 0x08002f0c   Section        0  motor.o(i.SpeedControl_ResetAxis)
    SpeedControl_ResetAxis                   0x08002f0d   Thumb Code    12  motor.o(i.SpeedControl_ResetAxis)
    i.SpeedControl_Step                      0x08002f18   Section        0  motor.o(i.SpeedControl_Step)
    i.SysTick_Handler                        0x08002f50   Section        0  stm32f4xx_it.o(i.SysTick_Handler)
    i.SystemClock_Config                     0x08002f54   Section        0  main.o(i.SystemClock_Config)
    i.SystemCoreClockUpdate                  0x08002fec   Section        0  system_stm32f4xx.o(i.SystemCoreClockUpdate)
    i.SystemInit                             0x08003068   Section        0  system_stm32f4xx.o(i.SystemInit)
    i.TIM1_UP_TIM10_IRQHandler               0x08003078   Section        0  stm32f4xx_it.o(i.TIM1_UP_TIM10_IRQHandler)
    i.TIM_Base_SetConfig                     0x08003084   Section        0  stm32f4xx_hal_tim.o(i.TIM_Base_SetConfig)
    i.TIM_CCxChannelCmd                      0x0800315c   Section        0  stm32f4xx_hal_tim.o(i.TIM_CCxChannelCmd)
    i.TIM_ETR_SetConfig                      0x08003176   Section        0  stm32f4xx_hal_tim.o(i.TIM_ETR_SetConfig)
    i.TIM_ITRx_SetConfig                     0x0800318a   Section        0  stm32f4xx_hal_tim.o(i.TIM_ITRx_SetConfig)
    TIM_ITRx_SetConfig                       0x0800318b   Thumb Code    16  stm32f4xx_hal_tim.o(i.TIM_ITRx_SetConfig)
    i.TIM_OC1_SetConfig                      0x0800319c   Section        0  stm32f4xx_hal_tim.o(i.TIM_OC1_SetConfig)
    TIM_OC1_SetConfig                        0x0800319d   Thumb Code    88  stm32f4xx_hal_tim.o(i.TIM_OC1_SetConfig)
    i.TIM_OC2_SetConfig                      0x080031fc   Section        0  stm32f4xx_hal_tim.o(i.TIM_OC2_SetConfig)
    i.TIM_OC3_SetConfig                      0x08003268   Section        0  stm32f4xx_hal_tim.o(i.TIM_OC3_SetConfig)
    TIM_OC3_SetConfig                        0x08003269   Thumb Code    96  stm32f4xx_hal_tim.o(i.TIM_OC3_SetConfig)
    i.TIM_OC4_SetConfig                      0x080032d0   Section        0  stm32f4xx_hal_tim.o(i.TIM_OC4_SetConfig)
    TIM_OC4_SetConfig                        0x080032d1   Thumb Code    70  stm32f4xx_hal_tim.o(i.TIM_OC4_SetConfig)
    i.TIM_TI1_ConfigInputStage               0x08003320   Section        0  stm32f4xx_hal_tim.o(i.TIM_TI1_ConfigInputStage)
    TIM_TI1_ConfigInputStage                 0x08003321   Thumb Code    34  stm32f4xx_hal_tim.o(i.TIM_TI1_ConfigInputStage)
    i.TIM_TI2_ConfigInputStage               0x08003342   Section        0  stm32f4xx_hal_tim.o(i.TIM_TI2_ConfigInputStage)
    TIM_TI2_ConfigInputStage                 0x08003343   Thumb Code    36  stm32f4xx_hal_tim.o(i.TIM_TI2_ConfigInputStage)
    i.UART1_Init                             0x08003368   Section        0  bsp_uart.o(i.UART1_Init)
    i.UART1_SendData                         0x08003518   Section        0  bsp_uart.o(i.UART1_SendData)
    i.UART4_IRQHandler                       0x0800355c   Section        0  bsp_uart.o(i.UART4_IRQHandler)
    i.UART5_IRQHandler                       0x08003638   Section        0  bsp_uart.o(i.UART5_IRQHandler)
    i.USART1_IRQHandler                      0x08003704   Section        0  bsp_uart.o(i.USART1_IRQHandler)
    i.USART2_IRQHandler                      0x080037d4   Section        0  bsp_uart.o(i.USART2_IRQHandler)
    i.USART3_IRQHandler                      0x080038b0   Section        0  bsp_uart.o(i.USART3_IRQHandler)
    i.USART6_IRQHandler                      0x0800398c   Section        0  bsp_uart.o(i.USART6_IRQHandler)
    i.UsageFault_Handler                     0x08003a68   Section        0  stm32f4xx_it.o(i.UsageFault_Handler)
    i.__NVIC_SetPriority                     0x08003a6a   Section        0  stm32f4xx_hal_cortex.o(i.__NVIC_SetPriority)
    __NVIC_SetPriority                       0x08003a6b   Thumb Code    32  stm32f4xx_hal_cortex.o(i.__NVIC_SetPriority)
    i._is_digit                              0x08003a8a   Section        0  __printf_wp.o(i._is_digit)
    i._sys_exit                              0x08003a98   Section        0  bsp_uart.o(i._sys_exit)
    i.fputc                                  0x08003a9a   Section        0  bsp_uart.o(i.fputc)
    i.main                                   0x08003aa8   Section        0  main.o(i.main)
    x$fpl$fpinit                             0x08003bf4   Section       10  fpinit.o(x$fpl$fpinit)
    $v0                                      0x08003bf4   Number         0  fpinit.o(x$fpl$fpinit)
    .constdata                               0x08003bfe   Section       16  system_stm32f4xx.o(.constdata)
    .constdata                               0x08003c0e   Section        8  gray.o(.constdata)
    gray8_weight                             0x08003c0e   Data           8  gray.o(.constdata)
    .constdata                               0x08003c18   Section      190  oled.o(.constdata)
    font_digit                               0x08003c18   Data          50  oled.o(.constdata)
    font_letter                              0x08003c4a   Data         130  oled.o(.constdata)
    .constdata                               0x08003cd6   Section       17  __printf_flags_ss_wp.o(.constdata)
    maptable                                 0x08003cd6   Data          17  __printf_flags_ss_wp.o(.constdata)
    .conststring                             0x08003ce8   Section       66  bsp_uart.o(.conststring)
    .data                                    0x20000000   Section       64  main.o(.data)
    phase4_state                             0x20000000   Data           1  main.o(.data)
    phase4_stop_line_armed                   0x20000001   Data           1  main.o(.data)
    phase4_stop_line_clear_frames            0x20000002   Data           1  main.o(.data)
    phase4_stop_line_hit_frames              0x20000003   Data           1  main.o(.data)
    cnt                                      0x20000004   Data           2  main.o(.data)
    phase4_left_request_pwm                  0x20000006   Data           2  main.o(.data)
    phase4_right_request_pwm                 0x20000008   Data           2  main.o(.data)
    phase4_left_output_pwm                   0x2000000a   Data           2  main.o(.data)
    phase4_right_output_pwm                  0x2000000c   Data           2  main.o(.data)
    phase4_line_correction                   0x2000000e   Data           2  main.o(.data)
    last_control                             0x20000010   Data           4  main.o(.data)
    last_encoder                             0x20000014   Data           4  main.o(.data)
    last_vofa                                0x20000018   Data           4  main.o(.data)
    last_oled                                0x2000001c   Data           4  main.o(.data)
    encoder_sample                           0x20000020   Data           4  main.o(.data)
    phase4_run_start_ms                      0x20000024   Data           4  main.o(.data)
    phase4_elapsed_ms                        0x20000028   Data           4  main.o(.data)
    phase4_start_key_irq_count               0x2000002c   Data           4  main.o(.data)
    phase4_start_key_handled_count           0x20000030   Data           4  main.o(.data)
    phase4_start_key_last_ms                 0x20000034   Data           4  main.o(.data)
    gray_sample                              0x20000038   Data           8  main.o(.data)
    .data                                    0x20000040   Section       12  stm32f4xx_hal.o(.data)
    .data                                    0x2000004c   Section        4  system_stm32f4xx.o(.data)
    .data                                    0x20000050   Section       16  bsp_uart.o(.data)
    cnt                                      0x20000050   Data           2  bsp_uart.o(.data)
    cnt                                      0x20000052   Data           2  bsp_uart.o(.data)
    cnt                                      0x20000054   Data           2  bsp_uart.o(.data)
    cnt                                      0x20000056   Data           2  bsp_uart.o(.data)
    cnt                                      0x20000058   Data           2  bsp_uart.o(.data)
    cnt                                      0x2000005a   Data           2  bsp_uart.o(.data)
    ulTimesMS                                0x2000005c   Data           4  bsp_uart.o(.data)
    .data                                    0x20000060   Section        4  bsp_uart.o(.data)
    .data                                    0x20000064   Section        3  gray.o(.data)
    previous_mask                            0x20000064   Data           1  gray.o(.data)
    older_mask                               0x20000065   Data           1  gray.o(.data)
    history_initialized                      0x20000066   Data           1  gray.o(.data)
    .data                                    0x20000068   Section        4  encoder.o(.data)
    encoder_left_previous                    0x20000068   Data           2  encoder.o(.data)
    encoder_right_previous                   0x2000006a   Data           2  encoder.o(.data)
    .data                                    0x2000006c   Section        8  servo.o(.data)
    servo_sweep_direction                    0x2000006c   Data           1  servo.o(.data)
    servo_angle_deg                          0x2000006e   Data           2  servo.o(.data)
    servo_last_step_ms                       0x20000070   Data           4  servo.o(.data)
    .bss                                     0x20000074   Section       56  main.o(.bss)
    line_controller                          0x20000074   Data          10  main.o(.bss)
    speed_controller                         0x20000080   Data          44  main.o(.bss)
    .bss                                     0x200000ac   Section      360  tim.o(.bss)
    .bss                                     0x20000214   Section    10848  bsp_uart.o(.bss)
    xUART1                                   0x20000214   Data          16  bsp_uart.o(.bss)
    xUART2                                   0x20000224   Data          16  bsp_uart.o(.bss)
    xUART3                                   0x20000234   Data          16  bsp_uart.o(.bss)
    xUART4                                   0x20000244   Data          16  bsp_uart.o(.bss)
    xUART5                                   0x20000254   Data          16  bsp_uart.o(.bss)
    xUART6                                   0x20000264   Data          16  bsp_uart.o(.bss)
    rxTemp                                   0x20000274   Data         512  bsp_uart.o(.bss)
    rxTemp                                   0x20000474   Data         512  bsp_uart.o(.bss)
    rxTemp                                   0x20000674   Data         512  bsp_uart.o(.bss)
    rxTemp                                   0x20000874   Data         512  bsp_uart.o(.bss)
    rxTemp                                   0x20000a74   Data         512  bsp_uart.o(.bss)
    rxTemp                                   0x20000c74   Data         512  bsp_uart.o(.bss)
    uaUART1RxData                            0x20000e74   Data         512  bsp_uart.o(.bss)
    uaUART1TxFiFoData                        0x20001074   Data        2048  bsp_uart.o(.bss)
    uaUART2RxData                            0x20001874   Data         512  bsp_uart.o(.bss)
    uaUART2TxFiFoData                        0x20001a74   Data         512  bsp_uart.o(.bss)
    uaUart3RxData                            0x20001c74   Data         512  bsp_uart.o(.bss)
    uaUart3TxFiFoData                        0x20001e74   Data         512  bsp_uart.o(.bss)
    uaUart4RxData                            0x20002074   Data         512  bsp_uart.o(.bss)
    uaUart4TxFiFoData                        0x20002274   Data         512  bsp_uart.o(.bss)
    uaUart5RxData                            0x20002474   Data         512  bsp_uart.o(.bss)
    uaUart5TxFiFoData                        0x20002674   Data         512  bsp_uart.o(.bss)
    uaUart6RxData                            0x20002874   Data         512  bsp_uart.o(.bss)
    uaUart6TxFiFoData                        0x20002a74   Data         512  bsp_uart.o(.bss)
    .bss                                     0x20002c74   Section       24  encoder.o(.bss)
    encoder_sample                           0x20002c74   Data          24  encoder.o(.bss)
    .bss                                     0x20002c8c   Section       96  libspace.o(.bss)
    HEAP                                     0x20002cf0   Section      512  startup_stm32f407xx.o(HEAP)
    Heap_Mem                                 0x20002cf0   Data         512  startup_stm32f407xx.o(HEAP)
    STACK                                    0x20002ef0   Section     4096  startup_stm32f407xx.o(STACK)
    Stack_Mem                                0x20002ef0   Data        4096  startup_stm32f407xx.o(STACK)
    __initial_sp                             0x20003ef0   Data           0  startup_stm32f407xx.o(STACK)

    Global Symbols

    Symbol Name                              Value     Ov Type        Size  Object(Section)

    BuildAttributes$$THM_ISAv4$E$P$D$K$B$S$7EM$VFPi3$EXTD16$VFPS$VFMA$PE$A:L22UL41UL21$X:L11$S22US41US21$IEEE1$IW$USESV6$~STKCKD$USESV7$~SHL$OTIME$ROPI$IEEEJ$EBA8$UX$STANDARDLIB$REQ8$PRES8$EABIv2 0x00000000   Number         0  anon$$obj.o ABSOLUTE
    __ARM_use_no_argv                        0x00000000   Number         0  main.o ABSOLUTE
    _printf_flags                            0x00000000   Number         0  printf_stubs.o ABSOLUTE
    _printf_return_value                     0x00000000   Number         0  printf_stubs.o ABSOLUTE
    _printf_sizespec                         0x00000000   Number         0  printf_stubs.o ABSOLUTE
    _printf_widthprec                        0x00000000   Number         0  printf_stubs.o ABSOLUTE
    __ARM_exceptions_init                     - Undefined Weak Reference
    __alloca_initialize                       - Undefined Weak Reference
    __arm_fini_                               - Undefined Weak Reference
    __arm_preinit_                            - Undefined Weak Reference
    __cpp_initialize__aeabi_                  - Undefined Weak Reference
    __cxa_finalize                            - Undefined Weak Reference
    __sigvec_lookup                           - Undefined Weak Reference
    _atexit_init                              - Undefined Weak Reference
    _call_atexit_fns                          - Undefined Weak Reference
    _clock_init                               - Undefined Weak Reference
    _fp_trap_init                             - Undefined Weak Reference
    _fp_trap_shutdown                         - Undefined Weak Reference
    _get_lc_collate                           - Undefined Weak Reference
    _get_lc_monetary                          - Undefined Weak Reference
    _get_lc_time                              - Undefined Weak Reference
    _getenv_init                              - Undefined Weak Reference
    _handle_redirection                       - Undefined Weak Reference
    _init_alloc                               - Undefined Weak Reference
    _init_user_alloc                          - Undefined Weak Reference
    _initio                                   - Undefined Weak Reference
    _mutex_acquire                            - Undefined Weak Reference
    _mutex_release                            - Undefined Weak Reference
    _printf_mbtowc                            - Undefined Weak Reference
    _printf_wc                                - Undefined Weak Reference
    _rand_init                                - Undefined Weak Reference
    _signal_finish                            - Undefined Weak Reference
    _signal_init                              - Undefined Weak Reference
    _terminate_alloc                          - Undefined Weak Reference
    _terminate_user_alloc                     - Undefined Weak Reference
    _terminateio                              - Undefined Weak Reference
    __Vectors_Size                           0x00000188   Number         0  startup_stm32f407xx.o ABSOLUTE
    __Vectors                                0x08000000   Data           4  startup_stm32f407xx.o(RESET)
    __Vectors_End                            0x08000188   Data           0  startup_stm32f407xx.o(RESET)
    __main                                   0x08000189   Thumb Code     8  __main.o(!!!main)
    __scatterload                            0x08000191   Thumb Code     0  __scatter.o(!!!scatter)
    __scatterload_rt2                        0x08000191   Thumb Code    44  __scatter.o(!!!scatter)
    __scatterload_rt2_thumb_only             0x08000191   Thumb Code     0  __scatter.o(!!!scatter)
    __scatterload_null                       0x0800019f   Thumb Code     0  __scatter.o(!!!scatter)
    __scatterload_copy                       0x080001c5   Thumb Code    26  __scatter_copy.o(!!handler_copy)
    __scatterload_zeroinit                   0x080001e1   Thumb Code    28  __scatter_zi.o(!!handler_zi)
    _printf_d                                0x080001fd   Thumb Code     0  _printf_d.o(.ARM.Collect$$_printf_percent$$00000009)
    _printf_percent                          0x080001fd   Thumb Code     0  _printf_percent.o(.ARM.Collect$$_printf_percent$$00000000)
    _printf_percent_end                      0x08000203   Thumb Code     0  _printf_percent_end.o(.ARM.Collect$$_printf_percent$$00000017)
    __rt_lib_init                            0x08000207   Thumb Code     0  libinit.o(.ARM.Collect$$libinit$$00000000)
    __rt_lib_init_fp_1                       0x08000209   Thumb Code     0  libinit2.o(.ARM.Collect$$libinit$$00000001)
    __rt_lib_init_alloca_1                   0x0800020d   Thumb Code     0  libinit2.o(.ARM.Collect$$libinit$$0000002E)
    __rt_lib_init_argv_1                     0x0800020d   Thumb Code     0  libinit2.o(.ARM.Collect$$libinit$$0000002C)
    __rt_lib_init_atexit_1                   0x0800020d   Thumb Code     0  libinit2.o(.ARM.Collect$$libinit$$0000001B)
    __rt_lib_init_clock_1                    0x0800020d   Thumb Code     0  libinit2.o(.ARM.Collect$$libinit$$00000021)
    __rt_lib_init_cpp_1                      0x0800020d   Thumb Code     0  libinit2.o(.ARM.Collect$$libinit$$00000032)
    __rt_lib_init_exceptions_1               0x0800020d   Thumb Code     0  libinit2.o(.ARM.Collect$$libinit$$00000030)
    __rt_lib_init_fp_trap_1                  0x0800020d   Thumb Code     0  libinit2.o(.ARM.Collect$$libinit$$0000001F)
    __rt_lib_init_getenv_1                   0x0800020d   Thumb Code     0  libinit2.o(.ARM.Collect$$libinit$$00000023)
    __rt_lib_init_heap_1                     0x0800020d   Thumb Code     0  libinit2.o(.ARM.Collect$$libinit$$0000000A)
    __rt_lib_init_lc_collate_1               0x0800020d   Thumb Code     0  libinit2.o(.ARM.Collect$$libinit$$00000011)
    __rt_lib_init_lc_ctype_1                 0x0800020d   Thumb Code     0  libinit2.o(.ARM.Collect$$libinit$$00000013)
    __rt_lib_init_lc_monetary_1              0x0800020d   Thumb Code     0  libinit2.o(.ARM.Collect$$libinit$$00000015)
    __rt_lib_init_lc_numeric_1               0x0800020d   Thumb Code     0  libinit2.o(.ARM.Collect$$libinit$$00000017)
    __rt_lib_init_lc_time_1                  0x0800020d   Thumb Code     0  libinit2.o(.ARM.Collect$$libinit$$00000019)
    __rt_lib_init_preinit_1                  0x0800020d   Thumb Code     0  libinit2.o(.ARM.Collect$$libinit$$00000004)
    __rt_lib_init_rand_1                     0x0800020d   Thumb Code     0  libinit2.o(.ARM.Collect$$libinit$$0000000E)
    __rt_lib_init_return                     0x0800020d   Thumb Code     0  libinit2.o(.ARM.Collect$$libinit$$00000033)
    __rt_lib_init_signal_1                   0x0800020d   Thumb Code     0  libinit2.o(.ARM.Collect$$libinit$$0000001D)
    __rt_lib_init_stdio_1                    0x0800020d   Thumb Code     0  libinit2.o(.ARM.Collect$$libinit$$00000025)
    __rt_lib_init_user_alloc_1               0x0800020d   Thumb Code     0  libinit2.o(.ARM.Collect$$libinit$$0000000C)
    __rt_lib_shutdown                        0x0800020f   Thumb Code     0  libshutdown.o(.ARM.Collect$$libshutdown$$00000000)
    __rt_lib_shutdown_cpp_1                  0x08000211   Thumb Code     0  libshutdown2.o(.ARM.Collect$$libshutdown$$00000004)
    __rt_lib_shutdown_fini_1                 0x08000211   Thumb Code     0  libshutdown2.o(.ARM.Collect$$libshutdown$$00000002)
    __rt_lib_shutdown_fp_trap_1              0x08000211   Thumb Code     0  libshutdown2.o(.ARM.Collect$$libshutdown$$00000009)
    __rt_lib_shutdown_heap_1                 0x08000211   Thumb Code     0  libshutdown2.o(.ARM.Collect$$libshutdown$$00000011)
    __rt_lib_shutdown_return                 0x08000211   Thumb Code     0  libshutdown2.o(.ARM.Collect$$libshutdown$$00000012)
    __rt_lib_shutdown_signal_1               0x08000211   Thumb Code     0  libshutdown2.o(.ARM.Collect$$libshutdown$$0000000C)
    __rt_lib_shutdown_stdio_1                0x08000211   Thumb Code     0  libshutdown2.o(.ARM.Collect$$libshutdown$$00000006)
    __rt_lib_shutdown_user_alloc_1           0x08000211   Thumb Code     0  libshutdown2.o(.ARM.Collect$$libshutdown$$0000000E)
    __rt_entry                               0x08000213   Thumb Code     0  __rtentry.o(.ARM.Collect$$rtentry$$00000000)
    __rt_entry_presh_1                       0x08000213   Thumb Code     0  __rtentry2.o(.ARM.Collect$$rtentry$$00000002)
    __rt_entry_sh                            0x08000213   Thumb Code     0  __rtentry4.o(.ARM.Collect$$rtentry$$00000004)
    __rt_entry_li                            0x08000219   Thumb Code     0  __rtentry2.o(.ARM.Collect$$rtentry$$0000000A)
    __rt_entry_postsh_1                      0x08000219   Thumb Code     0  __rtentry2.o(.ARM.Collect$$rtentry$$00000009)
    __rt_entry_main                          0x0800021d   Thumb Code     0  __rtentry2.o(.ARM.Collect$$rtentry$$0000000D)
    __rt_entry_postli_1                      0x0800021d   Thumb Code     0  __rtentry2.o(.ARM.Collect$$rtentry$$0000000C)
    __rt_exit                                0x08000225   Thumb Code     0  rtexit.o(.ARM.Collect$$rtexit$$00000000)
    __rt_exit_ls                             0x08000227   Thumb Code     0  rtexit2.o(.ARM.Collect$$rtexit$$00000003)
    __rt_exit_prels_1                        0x08000227   Thumb Code     0  rtexit2.o(.ARM.Collect$$rtexit$$00000002)
    __rt_exit_exit                           0x0800022b   Thumb Code     0  rtexit2.o(.ARM.Collect$$rtexit$$00000004)
    Reset_Handler                            0x08000231   Thumb Code     8  startup_stm32f407xx.o(.text)
    ADC_IRQHandler                           0x0800024b   Thumb Code     0  startup_stm32f407xx.o(.text)
    CAN1_RX0_IRQHandler                      0x0800024b   Thumb Code     0  startup_stm32f407xx.o(.text)
    CAN1_RX1_IRQHandler                      0x0800024b   Thumb Code     0  startup_stm32f407xx.o(.text)
    CAN1_SCE_IRQHandler                      0x0800024b   Thumb Code     0  startup_stm32f407xx.o(.text)
    CAN1_TX_IRQHandler                       0x0800024b   Thumb Code     0  startup_stm32f407xx.o(.text)
    CAN2_RX0_IRQHandler                      0x0800024b   Thumb Code     0  startup_stm32f407xx.o(.text)
    CAN2_RX1_IRQHandler                      0x0800024b   Thumb Code     0  startup_stm32f407xx.o(.text)
    CAN2_SCE_IRQHandler                      0x0800024b   Thumb Code     0  startup_stm32f407xx.o(.text)
    CAN2_TX_IRQHandler                       0x0800024b   Thumb Code     0  startup_stm32f407xx.o(.text)
    DCMI_IRQHandler                          0x0800024b   Thumb Code     0  startup_stm32f407xx.o(.text)
    DMA1_Stream0_IRQHandler                  0x0800024b   Thumb Code     0  startup_stm32f407xx.o(.text)
    DMA1_Stream1_IRQHandler                  0x0800024b   Thumb Code     0  startup_stm32f407xx.o(.text)
    DMA1_Stream2_IRQHandler                  0x0800024b   Thumb Code     0  startup_stm32f407xx.o(.text)
    DMA1_Stream3_IRQHandler                  0x0800024b   Thumb Code     0  startup_stm32f407xx.o(.text)
    DMA1_Stream4_IRQHandler                  0x0800024b   Thumb Code     0  startup_stm32f407xx.o(.text)
    DMA1_Stream5_IRQHandler                  0x0800024b   Thumb Code     0  startup_stm32f407xx.o(.text)
    DMA1_Stream6_IRQHandler                  0x0800024b   Thumb Code     0  startup_stm32f407xx.o(.text)
    DMA1_Stream7_IRQHandler                  0x0800024b   Thumb Code     0  startup_stm32f407xx.o(.text)
    DMA2_Stream0_IRQHandler                  0x0800024b   Thumb Code     0  startup_stm32f407xx.o(.text)
    DMA2_Stream1_IRQHandler                  0x0800024b   Thumb Code     0  startup_stm32f407xx.o(.text)
    DMA2_Stream2_IRQHandler                  0x0800024b   Thumb Code     0  startup_stm32f407xx.o(.text)
    DMA2_Stream3_IRQHandler                  0x0800024b   Thumb Code     0  startup_stm32f407xx.o(.text)
    DMA2_Stream4_IRQHandler                  0x0800024b   Thumb Code     0  startup_stm32f407xx.o(.text)
    DMA2_Stream5_IRQHandler                  0x0800024b   Thumb Code     0  startup_stm32f407xx.o(.text)
    DMA2_Stream6_IRQHandler                  0x0800024b   Thumb Code     0  startup_stm32f407xx.o(.text)
    DMA2_Stream7_IRQHandler                  0x0800024b   Thumb Code     0  startup_stm32f407xx.o(.text)
    ETH_IRQHandler                           0x0800024b   Thumb Code     0  startup_stm32f407xx.o(.text)
    ETH_WKUP_IRQHandler                      0x0800024b   Thumb Code     0  startup_stm32f407xx.o(.text)
    EXTI15_10_IRQHandler                     0x0800024b   Thumb Code     0  startup_stm32f407xx.o(.text)
    EXTI1_IRQHandler                         0x0800024b   Thumb Code     0  startup_stm32f407xx.o(.text)
    EXTI2_IRQHandler                         0x0800024b   Thumb Code     0  startup_stm32f407xx.o(.text)
    EXTI3_IRQHandler                         0x0800024b   Thumb Code     0  startup_stm32f407xx.o(.text)
    EXTI4_IRQHandler                         0x0800024b   Thumb Code     0  startup_stm32f407xx.o(.text)
    EXTI9_5_IRQHandler                       0x0800024b   Thumb Code     0  startup_stm32f407xx.o(.text)
    FLASH_IRQHandler                         0x0800024b   Thumb Code     0  startup_stm32f407xx.o(.text)
    FMC_IRQHandler                           0x0800024b   Thumb Code     0  startup_stm32f407xx.o(.text)
    FPU_IRQHandler                           0x0800024b   Thumb Code     0  startup_stm32f407xx.o(.text)
    HASH_RNG_IRQHandler                      0x0800024b   Thumb Code     0  startup_stm32f407xx.o(.text)
    I2C1_ER_IRQHandler                       0x0800024b   Thumb Code     0  startup_stm32f407xx.o(.text)
    I2C1_EV_IRQHandler                       0x0800024b   Thumb Code     0  startup_stm32f407xx.o(.text)
    I2C2_ER_IRQHandler                       0x0800024b   Thumb Code     0  startup_stm32f407xx.o(.text)
    I2C2_EV_IRQHandler                       0x0800024b   Thumb Code     0  startup_stm32f407xx.o(.text)
    I2C3_ER_IRQHandler                       0x0800024b   Thumb Code     0  startup_stm32f407xx.o(.text)
    I2C3_EV_IRQHandler                       0x0800024b   Thumb Code     0  startup_stm32f407xx.o(.text)
    OTG_FS_IRQHandler                        0x0800024b   Thumb Code     0  startup_stm32f407xx.o(.text)
    OTG_FS_WKUP_IRQHandler                   0x0800024b   Thumb Code     0  startup_stm32f407xx.o(.text)
    OTG_HS_EP1_IN_IRQHandler                 0x0800024b   Thumb Code     0  startup_stm32f407xx.o(.text)
    OTG_HS_EP1_OUT_IRQHandler                0x0800024b   Thumb Code     0  startup_stm32f407xx.o(.text)
    OTG_HS_IRQHandler                        0x0800024b   Thumb Code     0  startup_stm32f407xx.o(.text)
    OTG_HS_WKUP_IRQHandler                   0x0800024b   Thumb Code     0  startup_stm32f407xx.o(.text)
    PVD_IRQHandler                           0x0800024b   Thumb Code     0  startup_stm32f407xx.o(.text)
    RCC_IRQHandler                           0x0800024b   Thumb Code     0  startup_stm32f407xx.o(.text)
    RTC_Alarm_IRQHandler                     0x0800024b   Thumb Code     0  startup_stm32f407xx.o(.text)
    RTC_WKUP_IRQHandler                      0x0800024b   Thumb Code     0  startup_stm32f407xx.o(.text)
    SDIO_IRQHandler                          0x0800024b   Thumb Code     0  startup_stm32f407xx.o(.text)
    SPI1_IRQHandler                          0x0800024b   Thumb Code     0  startup_stm32f407xx.o(.text)
    SPI2_IRQHandler                          0x0800024b   Thumb Code     0  startup_stm32f407xx.o(.text)
    SPI3_IRQHandler                          0x0800024b   Thumb Code     0  startup_stm32f407xx.o(.text)
    TAMP_STAMP_IRQHandler                    0x0800024b   Thumb Code     0  startup_stm32f407xx.o(.text)
    TIM1_BRK_TIM9_IRQHandler                 0x0800024b   Thumb Code     0  startup_stm32f407xx.o(.text)
    TIM1_CC_IRQHandler                       0x0800024b   Thumb Code     0  startup_stm32f407xx.o(.text)
    TIM1_TRG_COM_TIM11_IRQHandler            0x0800024b   Thumb Code     0  startup_stm32f407xx.o(.text)
    TIM2_IRQHandler                          0x0800024b   Thumb Code     0  startup_stm32f407xx.o(.text)
    TIM3_IRQHandler                          0x0800024b   Thumb Code     0  startup_stm32f407xx.o(.text)
    TIM4_IRQHandler                          0x0800024b   Thumb Code     0  startup_stm32f407xx.o(.text)
    TIM5_IRQHandler                          0x0800024b   Thumb Code     0  startup_stm32f407xx.o(.text)
    TIM6_DAC_IRQHandler                      0x0800024b   Thumb Code     0  startup_stm32f407xx.o(.text)
    TIM7_IRQHandler                          0x0800024b   Thumb Code     0  startup_stm32f407xx.o(.text)
    TIM8_BRK_TIM12_IRQHandler                0x0800024b   Thumb Code     0  startup_stm32f407xx.o(.text)
    TIM8_CC_IRQHandler                       0x0800024b   Thumb Code     0  startup_stm32f407xx.o(.text)
    TIM8_TRG_COM_TIM14_IRQHandler            0x0800024b   Thumb Code     0  startup_stm32f407xx.o(.text)
    TIM8_UP_TIM13_IRQHandler                 0x0800024b   Thumb Code     0  startup_stm32f407xx.o(.text)
    WWDG_IRQHandler                          0x0800024b   Thumb Code     0  startup_stm32f407xx.o(.text)
    __user_initial_stackheap                 0x0800024d   Thumb Code     0  startup_stm32f407xx.o(.text)
    __use_no_semihosting                     0x08000271   Thumb Code     2  use_no_semi_2.o(.text)
    __aeabi_uldivmod                         0x08000273   Thumb Code     0  lludivv7m.o(.text)
    _ll_udiv                                 0x08000273   Thumb Code   238  lludivv7m.o(.text)
    __aeabi_ldivmod                          0x08000361   Thumb Code     0  llsdiv.o(.text)
    _ll_sdiv                                 0x08000361   Thumb Code    72  llsdiv.o(.text)
    __2printf                                0x080003a9   Thumb Code    20  __2printf.o(.text)
    _printf_int_dec                          0x080003c1   Thumb Code   104  _printf_dec.o(.text)
    __printf                                 0x08000439   Thumb Code   388  __printf_flags_ss_wp.o(.text)
    __aeabi_memcpy                           0x080005c1   Thumb Code     0  rt_memcpy_v6.o(.text)
    __rt_memcpy                              0x080005c1   Thumb Code   138  rt_memcpy_v6.o(.text)
    _memcpy_lastbytes                        0x08000627   Thumb Code     0  rt_memcpy_v6.o(.text)
    __aeabi_memclr4                          0x0800064b   Thumb Code     0  rt_memclr_w.o(.text)
    __aeabi_memclr8                          0x0800064b   Thumb Code     0  rt_memclr_w.o(.text)
    __rt_memclr_w                            0x0800064b   Thumb Code    78  rt_memclr_w.o(.text)
    _memset_w                                0x0800064f   Thumb Code     0  rt_memclr_w.o(.text)
    __use_two_region_memory                  0x08000699   Thumb Code     2  heapauxi.o(.text)
    __rt_heap_escrow$2region                 0x0800069b   Thumb Code     2  heapauxi.o(.text)
    __rt_heap_expand$2region                 0x0800069d   Thumb Code     2  heapauxi.o(.text)
    __I$use$semihosting                      0x0800069f   Thumb Code     0  use_no_semi.o(.text)
    __use_no_semihosting_swi                 0x0800069f   Thumb Code     2  use_no_semi.o(.text)
    _printf_int_common                       0x080006a1   Thumb Code   178  _printf_intcommon.o(.text)
    _printf_char_common                      0x0800075f   Thumb Code    32  _printf_char_common.o(.text)
    _printf_char_file                        0x08000785   Thumb Code    32  _printf_char_file.o(.text)
    __aeabi_memcpy4                          0x080007a9   Thumb Code     0  rt_memcpy_w.o(.text)
    __aeabi_memcpy8                          0x080007a9   Thumb Code     0  rt_memcpy_w.o(.text)
    __rt_memcpy_w                            0x080007a9   Thumb Code   100  rt_memcpy_w.o(.text)
    _memcpy_lastbytes_aligned                0x080007f1   Thumb Code     0  rt_memcpy_w.o(.text)
    ferror                                   0x0800080d   Thumb Code     8  ferror.o(.text)
    __user_setup_stackheap                   0x08000815   Thumb Code    74  sys_stackheap_outer.o(.text)
    exit                                     0x0800085f   Thumb Code    18  exit.o(.text)
    __user_libspace                          0x08000871   Thumb Code     8  libspace.o(.text)
    __user_perproc_libspace                  0x08000871   Thumb Code     0  libspace.o(.text)
    __user_perthread_libspace                0x08000871   Thumb Code     0  libspace.o(.text)
    BusFault_Handler                         0x08000879   Thumb Code     2  stm32f4xx_it.o(i.BusFault_Handler)
    DebugMon_Handler                         0x0800087b   Thumb Code     2  stm32f4xx_it.o(i.DebugMon_Handler)
    EXTI0_IRQHandler                         0x0800087d   Thumb Code     6  stm32f4xx_it.o(i.EXTI0_IRQHandler)
    Encoder_GetSample                        0x0800088d   Thumb Code     4  encoder.o(i.Encoder_GetSample)
    Encoder_Init                             0x08000895   Thumb Code    58  encoder.o(i.Encoder_Init)
    Encoder_Reset                            0x080008d9   Thumb Code    38  encoder.o(i.Encoder_Reset)
    Encoder_Update                           0x08000911   Thumb Code   136  encoder.o(i.Encoder_Update)
    Error_Handler                            0x080009a9   Thumb Code     4  main.o(i.Error_Handler)
    Gray_Init                                0x08000a71   Thumb Code   140  gray.o(i.Gray_Init)
    Gray_Read                                0x08000b11   Thumb Code   140  gray.o(i.Gray_Read)
    HAL_Delay                                0x08000ba9   Thumb Code    32  stm32f4xx_hal.o(i.HAL_Delay)
    HAL_GPIO_EXTI_Callback                   0x08000bcd   Thumb Code    14  main.o(i.HAL_GPIO_EXTI_Callback)
    HAL_GPIO_EXTI_IRQHandler                 0x08000be1   Thumb Code    18  stm32f4xx_hal_gpio.o(i.HAL_GPIO_EXTI_IRQHandler)
    HAL_GPIO_Init                            0x08000bf9   Thumb Code   450  stm32f4xx_hal_gpio.o(i.HAL_GPIO_Init)
    HAL_GPIO_ReadPin                         0x08000de9   Thumb Code    10  stm32f4xx_hal_gpio.o(i.HAL_GPIO_ReadPin)
    HAL_GPIO_TogglePin                       0x08000df3   Thumb Code    16  stm32f4xx_hal_gpio.o(i.HAL_GPIO_TogglePin)
    HAL_GPIO_WritePin                        0x08000e03   Thumb Code    10  stm32f4xx_hal_gpio.o(i.HAL_GPIO_WritePin)
    HAL_GetTick                              0x08000e0d   Thumb Code     6  stm32f4xx_hal.o(i.HAL_GetTick)
    HAL_IncTick                              0x08000e19   Thumb Code    12  stm32f4xx_hal.o(i.HAL_IncTick)
    HAL_Init                                 0x08000e29   Thumb Code    48  stm32f4xx_hal.o(i.HAL_Init)
    HAL_InitTick                             0x08000e5d   Thumb Code    54  stm32f4xx_hal.o(i.HAL_InitTick)
    HAL_MspInit                              0x08000e9d   Thumb Code    42  stm32f4xx_hal_msp.o(i.HAL_MspInit)
    HAL_NVIC_EnableIRQ                       0x08000ecd   Thumb Code    26  stm32f4xx_hal_cortex.o(i.HAL_NVIC_EnableIRQ)
    HAL_NVIC_SetPriority                     0x08000ee9   Thumb Code    60  stm32f4xx_hal_cortex.o(i.HAL_NVIC_SetPriority)
    HAL_NVIC_SetPriorityGrouping             0x08000f29   Thumb Code    26  stm32f4xx_hal_cortex.o(i.HAL_NVIC_SetPriorityGrouping)
    HAL_RCC_ClockConfig                      0x08000f4d   Thumb Code   288  stm32f4xx_hal_rcc.o(i.HAL_RCC_ClockConfig)
    HAL_RCC_GetSysClockFreq                  0x08001081   Thumb Code    88  stm32f4xx_hal_rcc.o(i.HAL_RCC_GetSysClockFreq)
    HAL_RCC_OscConfig                        0x080010e5   Thumb Code   856  stm32f4xx_hal_rcc.o(i.HAL_RCC_OscConfig)
    HAL_SYSTICK_Config                       0x08001451   Thumb Code    40  stm32f4xx_hal_cortex.o(i.HAL_SYSTICK_Config)
    HAL_TIMEx_BreakCallback                  0x08001479   Thumb Code     2  stm32f4xx_hal_tim_ex.o(i.HAL_TIMEx_BreakCallback)
    HAL_TIMEx_CommutCallback                 0x0800147b   Thumb Code     2  stm32f4xx_hal_tim_ex.o(i.HAL_TIMEx_CommutCallback)
    HAL_TIMEx_MasterConfigSynchronization    0x0800147d   Thumb Code   116  stm32f4xx_hal_tim_ex.o(i.HAL_TIMEx_MasterConfigSynchronization)
    HAL_TIM_Base_Init                        0x0800150d   Thumb Code    90  stm32f4xx_hal_tim.o(i.HAL_TIM_Base_Init)
    HAL_TIM_Base_MspInit                     0x08001569   Thumb Code    50  tim.o(i.HAL_TIM_Base_MspInit)
    HAL_TIM_Base_Start_IT                    0x080015a5   Thumb Code   100  stm32f4xx_hal_tim.o(i.HAL_TIM_Base_Start_IT)
    HAL_TIM_ConfigClockSource                0x08001625   Thumb Code   220  stm32f4xx_hal_tim.o(i.HAL_TIM_ConfigClockSource)
    HAL_TIM_Encoder_Init                     0x08001701   Thumb Code   164  stm32f4xx_hal_tim.o(i.HAL_TIM_Encoder_Init)
    HAL_TIM_Encoder_MspInit                  0x080017a5   Thumb Code   168  tim.o(i.HAL_TIM_Encoder_MspInit)
    HAL_TIM_Encoder_Start                    0x08001861   Thumb Code   142  stm32f4xx_hal_tim.o(i.HAL_TIM_Encoder_Start)
    HAL_TIM_Encoder_Stop                     0x080018ef   Thumb Code   102  stm32f4xx_hal_tim.o(i.HAL_TIM_Encoder_Stop)
    HAL_TIM_IC_CaptureCallback               0x08001955   Thumb Code     2  stm32f4xx_hal_tim.o(i.HAL_TIM_IC_CaptureCallback)
    HAL_TIM_IRQHandler                       0x08001957   Thumb Code   304  stm32f4xx_hal_tim.o(i.HAL_TIM_IRQHandler)
    HAL_TIM_MspPostInit                      0x08001a89   Thumb Code   106  tim.o(i.HAL_TIM_MspPostInit)
    HAL_TIM_OC_DelayElapsedCallback          0x08001b09   Thumb Code     2  stm32f4xx_hal_tim.o(i.HAL_TIM_OC_DelayElapsedCallback)
    HAL_TIM_PWM_ConfigChannel                0x08001b0b   Thumb Code   204  stm32f4xx_hal_tim.o(i.HAL_TIM_PWM_ConfigChannel)
    HAL_TIM_PWM_Init                         0x08001bd7   Thumb Code    90  stm32f4xx_hal_tim.o(i.HAL_TIM_PWM_Init)
    HAL_TIM_PWM_MspInit                      0x08001c31   Thumb Code    52  tim.o(i.HAL_TIM_PWM_MspInit)
    HAL_TIM_PWM_PulseFinishedCallback        0x08001c71   Thumb Code     2  stm32f4xx_hal_tim.o(i.HAL_TIM_PWM_PulseFinishedCallback)
    HAL_TIM_PWM_Start                        0x08001c75   Thumb Code   172  stm32f4xx_hal_tim.o(i.HAL_TIM_PWM_Start)
    HAL_TIM_PeriodElapsedCallback            0x08001d3d   Thumb Code    38  main.o(i.HAL_TIM_PeriodElapsedCallback)
    HAL_TIM_TriggerCallback                  0x08001d71   Thumb Code     2  stm32f4xx_hal_tim.o(i.HAL_TIM_TriggerCallback)
    HardFault_Handler                        0x08001d73   Thumb Code     2  stm32f4xx_it.o(i.HardFault_Handler)
    LineFollow_Reset                         0x08001d8d   Thumb Code    16  line_follow.o(i.LineFollow_Reset)
    LineFollow_Step                          0x08001d9d   Thumb Code   288  line_follow.o(i.LineFollow_Step)
    MX_GPIO_Init                             0x08001f21   Thumb Code   210  gpio.o(i.MX_GPIO_Init)
    MX_TIM1_Init                             0x08002005   Thumb Code    98  tim.o(i.MX_TIM1_Init)
    MX_TIM2_Init                             0x08002071   Thumb Code    10  tim.o(i.MX_TIM2_Init)
    MX_TIM3_Init                             0x08002081   Thumb Code     8  tim.o(i.MX_TIM3_Init)
    MX_TIM4_Init                             0x08002091   Thumb Code   120  tim.o(i.MX_TIM4_Init)
    MX_TIM5_Init                             0x08002111   Thumb Code   110  tim.o(i.MX_TIM5_Init)
    MemManage_Handler                        0x08002189   Thumb Code     2  stm32f4xx_it.o(i.MemManage_Handler)
    Motor_Brake                              0x0800218d   Thumb Code    70  motor.o(i.Motor_Brake)
    Motor_Init                               0x080021f1   Thumb Code    38  motor.o(i.Motor_Init)
    Motor_SetSignedPermille                  0x08002279   Thumb Code   102  motor.o(i.Motor_SetSignedPermille)
    Motor_Stop                               0x080022e9   Thumb Code    70  motor.o(i.Motor_Stop)
    NMI_Handler                              0x08002339   Thumb Code     2  stm32f4xx_it.o(i.NMI_Handler)
    OLED_Init                                0x08002391   Thumb Code   258  oled.o(i.OLED_Init)
    OLED_ShowPhase2                          0x080024a9   Thumb Code   580  oled.o(i.OLED_ShowPhase2)
    OLED_ShowTimeMs                          0x08002711   Thumb Code    90  oled.o(i.OLED_ShowTimeMs)
    PendSV_Handler                           0x08002981   Thumb Code     2  stm32f4xx_it.o(i.PendSV_Handler)
    SVC_Handler                              0x08002d6d   Thumb Code     2  stm32f4xx_it.o(i.SVC_Handler)
    Servo_Init                               0x08002d71   Thumb Code    20  servo.o(i.Servo_Init)
    Servo_SetAngle                           0x08002d89   Thumb Code    34  servo.o(i.Servo_SetAngle)
    Servo_StartSweep                         0x08002db5   Thumb Code    14  servo.o(i.Servo_StartSweep)
    Servo_StopSweep                          0x08002dc9   Thumb Code    12  servo.o(i.Servo_StopSweep)
    Servo_SweepStep                          0x08002dd9   Thumb Code    92  servo.o(i.Servo_SweepStep)
    SpeedControl_Reset                       0x08002eed   Thumb Code    32  motor.o(i.SpeedControl_Reset)
    SpeedControl_Step                        0x08002f19   Thumb Code    56  motor.o(i.SpeedControl_Step)
    SysTick_Handler                          0x08002f51   Thumb Code     4  stm32f4xx_it.o(i.SysTick_Handler)
    SystemClock_Config                       0x08002f55   Thumb Code   142  main.o(i.SystemClock_Config)
    SystemCoreClockUpdate                    0x08002fed   Thumb Code   104  system_stm32f4xx.o(i.SystemCoreClockUpdate)
    SystemInit                               0x08003069   Thumb Code    12  system_stm32f4xx.o(i.SystemInit)
    TIM1_UP_TIM10_IRQHandler                 0x08003079   Thumb Code     6  stm32f4xx_it.o(i.TIM1_UP_TIM10_IRQHandler)
    TIM_Base_SetConfig                       0x08003085   Thumb Code   170  stm32f4xx_hal_tim.o(i.TIM_Base_SetConfig)
    TIM_CCxChannelCmd                        0x0800315d   Thumb Code    26  stm32f4xx_hal_tim.o(i.TIM_CCxChannelCmd)
    TIM_ETR_SetConfig                        0x08003177   Thumb Code    20  stm32f4xx_hal_tim.o(i.TIM_ETR_SetConfig)
    TIM_OC2_SetConfig                        0x080031fd   Thumb Code    98  stm32f4xx_hal_tim.o(i.TIM_OC2_SetConfig)
    UART1_Init                               0x08003369   Thumb Code   306  bsp_uart.o(i.UART1_Init)
    UART1_SendData                           0x08003519   Thumb Code    60  bsp_uart.o(i.UART1_SendData)
    UART4_IRQHandler                         0x0800355d   Thumb Code   158  bsp_uart.o(i.UART4_IRQHandler)
    UART5_IRQHandler                         0x08003639   Thumb Code   142  bsp_uart.o(i.UART5_IRQHandler)
    USART1_IRQHandler                        0x08003705   Thumb Code   150  bsp_uart.o(i.USART1_IRQHandler)
    USART2_IRQHandler                        0x080037d5   Thumb Code   158  bsp_uart.o(i.USART2_IRQHandler)
    USART3_IRQHandler                        0x080038b1   Thumb Code   158  bsp_uart.o(i.USART3_IRQHandler)
    USART6_IRQHandler                        0x0800398d   Thumb Code   158  bsp_uart.o(i.USART6_IRQHandler)
    UsageFault_Handler                       0x08003a69   Thumb Code     2  stm32f4xx_it.o(i.UsageFault_Handler)
    _is_digit                                0x08003a8b   Thumb Code    14  __printf_wp.o(i._is_digit)
    _sys_exit                                0x08003a99   Thumb Code     2  bsp_uart.o(i._sys_exit)
    fputc                                    0x08003a9b   Thumb Code    14  bsp_uart.o(i.fputc)
    main                                     0x08003aa9   Thumb Code   318  main.o(i.main)
    _fp_init                                 0x08003bf5   Thumb Code    10  fpinit.o(x$fpl$fpinit)
    __fplib_config_fpu_vfp                   0x08003bfd   Thumb Code     0  fpinit.o(x$fpl$fpinit)
    __fplib_config_pureend_doubles           0x08003bfd   Thumb Code     0  fpinit.o(x$fpl$fpinit)
    AHBPrescTable                            0x08003bfe   Data          16  system_stm32f4xx.o(.constdata)
    Region$$Table$$Base                      0x08003d2c   Number         0  anon$$obj.o(Region$$Table)
    Region$$Table$$Limit                     0x08003d4c   Number         0  anon$$obj.o(Region$$Table)
    uwTickFreq                               0x20000040   Data           1  stm32f4xx_hal.o(.data)
    uwTickPrio                               0x20000044   Data           4  stm32f4xx_hal.o(.data)
    uwTick                                   0x20000048   Data           4  stm32f4xx_hal.o(.data)
    SystemCoreClock                          0x2000004c   Data           4  system_stm32f4xx.o(.data)
    __stdout                                 0x20000060   Data           4  bsp_uart.o(.data)
    htim1                                    0x200000ac   Data          72  tim.o(.bss)
    htim2                                    0x200000f4   Data          72  tim.o(.bss)
    htim3                                    0x2000013c   Data          72  tim.o(.bss)
    htim4                                    0x20000184   Data          72  tim.o(.bss)
    htim5                                    0x200001cc   Data          72  tim.o(.bss)
    __libspace_start                         0x20002c8c   Data          96  libspace.o(.bss)
    __temporary_stack_top$libspace           0x20002cec   Data           0  libspace.o(.bss)



==============================================================================

Memory Map of the image

  Image Entry point : 0x08000189

  Load Region LR_IROM1 (Base: 0x08000000, Size: 0x00003dc0, Max: 0x00080000, ABSOLUTE)

    Execution Region ER_IROM1 (Exec base: 0x08000000, Load base: 0x08000000, Size: 0x00003d4c, Max: 0x00080000, ABSOLUTE)

    Exec Addr    Load Addr    Size         Type   Attr      Idx    E Section Name        Object

    0x08000000   0x08000000   0x00000188   Data   RO            3    RESET               startup_stm32f407xx.o
    0x08000188   0x08000188   0x00000008   Code   RO         3386  * !!!main             c_w.l(__main.o)
    0x08000190   0x08000190   0x00000034   Code   RO         3676    !!!scatter          c_w.l(__scatter.o)
    0x080001c4   0x080001c4   0x0000001a   Code   RO         3678    !!handler_copy      c_w.l(__scatter_copy.o)
    0x080001de   0x080001de   0x00000002   PAD
    0x080001e0   0x080001e0   0x0000001c   Code   RO         3680    !!handler_zi        c_w.l(__scatter_zi.o)
    0x080001fc   0x080001fc   0x00000000   Code   RO         3375    .ARM.Collect$$_printf_percent$$00000000  c_w.l(_printf_percent.o)
    0x080001fc   0x080001fc   0x00000006   Code   RO         3374    .ARM.Collect$$_printf_percent$$00000009  c_w.l(_printf_d.o)
    0x08000202   0x08000202   0x00000004   Code   RO         3434    .ARM.Collect$$_printf_percent$$00000017  c_w.l(_printf_percent_end.o)
    0x08000206   0x08000206   0x00000002   Code   RO         3538    .ARM.Collect$$libinit$$00000000  c_w.l(libinit.o)
    0x08000208   0x08000208   0x00000004   Code   RO         3560    .ARM.Collect$$libinit$$00000001  c_w.l(libinit2.o)
    0x0800020c   0x0800020c   0x00000000   Code   RO         3563    .ARM.Collect$$libinit$$00000004  c_w.l(libinit2.o)
    0x0800020c   0x0800020c   0x00000000   Code   RO         3566    .ARM.Collect$$libinit$$0000000A  c_w.l(libinit2.o)
    0x0800020c   0x0800020c   0x00000000   Code   RO         3568    .ARM.Collect$$libinit$$0000000C  c_w.l(libinit2.o)
    0x0800020c   0x0800020c   0x00000000   Code   RO         3570    .ARM.Collect$$libinit$$0000000E  c_w.l(libinit2.o)
    0x0800020c   0x0800020c   0x00000000   Code   RO         3573    .ARM.Collect$$libinit$$00000011  c_w.l(libinit2.o)
    0x0800020c   0x0800020c   0x00000000   Code   RO         3575    .ARM.Collect$$libinit$$00000013  c_w.l(libinit2.o)
    0x0800020c   0x0800020c   0x00000000   Code   RO         3577    .ARM.Collect$$libinit$$00000015  c_w.l(libinit2.o)
    0x0800020c   0x0800020c   0x00000000   Code   RO         3579    .ARM.Collect$$libinit$$00000017  c_w.l(libinit2.o)
    0x0800020c   0x0800020c   0x00000000   Code   RO         3581    .ARM.Collect$$libinit$$00000019  c_w.l(libinit2.o)
    0x0800020c   0x0800020c   0x00000000   Code   RO         3583    .ARM.Collect$$libinit$$0000001B  c_w.l(libinit2.o)
    0x0800020c   0x0800020c   0x00000000   Code   RO         3585    .ARM.Collect$$libinit$$0000001D  c_w.l(libinit2.o)
    0x0800020c   0x0800020c   0x00000000   Code   RO         3587    .ARM.Collect$$libinit$$0000001F  c_w.l(libinit2.o)
    0x0800020c   0x0800020c   0x00000000   Code   RO         3589    .ARM.Collect$$libinit$$00000021  c_w.l(libinit2.o)
    0x0800020c   0x0800020c   0x00000000   Code   RO         3591    .ARM.Collect$$libinit$$00000023  c_w.l(libinit2.o)
    0x0800020c   0x0800020c   0x00000000   Code   RO         3593    .ARM.Collect$$libinit$$00000025  c_w.l(libinit2.o)
    0x0800020c   0x0800020c   0x00000000   Code   RO         3597    .ARM.Collect$$libinit$$0000002C  c_w.l(libinit2.o)
    0x0800020c   0x0800020c   0x00000000   Code   RO         3599    .ARM.Collect$$libinit$$0000002E  c_w.l(libinit2.o)
    0x0800020c   0x0800020c   0x00000000   Code   RO         3601    .ARM.Collect$$libinit$$00000030  c_w.l(libinit2.o)
    0x0800020c   0x0800020c   0x00000000   Code   RO         3603    .ARM.Collect$$libinit$$00000032  c_w.l(libinit2.o)
    0x0800020c   0x0800020c   0x00000002   Code   RO         3604    .ARM.Collect$$libinit$$00000033  c_w.l(libinit2.o)
    0x0800020e   0x0800020e   0x00000002   Code   RO         3630    .ARM.Collect$$libshutdown$$00000000  c_w.l(libshutdown.o)
    0x08000210   0x08000210   0x00000000   Code   RO         3657    .ARM.Collect$$libshutdown$$00000002  c_w.l(libshutdown2.o)
    0x08000210   0x08000210   0x00000000   Code   RO         3659    .ARM.Collect$$libshutdown$$00000004  c_w.l(libshutdown2.o)
    0x08000210   0x08000210   0x00000000   Code   RO         3661    .ARM.Collect$$libshutdown$$00000006  c_w.l(libshutdown2.o)
    0x08000210   0x08000210   0x00000000   Code   RO         3664    .ARM.Collect$$libshutdown$$00000009  c_w.l(libshutdown2.o)
    0x08000210   0x08000210   0x00000000   Code   RO         3667    .ARM.Collect$$libshutdown$$0000000C  c_w.l(libshutdown2.o)
    0x08000210   0x08000210   0x00000000   Code   RO         3669    .ARM.Collect$$libshutdown$$0000000E  c_w.l(libshutdown2.o)
    0x08000210   0x08000210   0x00000000   Code   RO         3672    .ARM.Collect$$libshutdown$$00000011  c_w.l(libshutdown2.o)
    0x08000210   0x08000210   0x00000002   Code   RO         3673    .ARM.Collect$$libshutdown$$00000012  c_w.l(libshutdown2.o)
    0x08000212   0x08000212   0x00000000   Code   RO         3390    .ARM.Collect$$rtentry$$00000000  c_w.l(__rtentry.o)
    0x08000212   0x08000212   0x00000000   Code   RO         3455    .ARM.Collect$$rtentry$$00000002  c_w.l(__rtentry2.o)
    0x08000212   0x08000212   0x00000006   Code   RO         3467    .ARM.Collect$$rtentry$$00000004  c_w.l(__rtentry4.o)
    0x08000218   0x08000218   0x00000000   Code   RO         3457    .ARM.Collect$$rtentry$$00000009  c_w.l(__rtentry2.o)
    0x08000218   0x08000218   0x00000004   Code   RO         3458    .ARM.Collect$$rtentry$$0000000A  c_w.l(__rtentry2.o)
    0x0800021c   0x0800021c   0x00000000   Code   RO         3460    .ARM.Collect$$rtentry$$0000000C  c_w.l(__rtentry2.o)
    0x0800021c   0x0800021c   0x00000008   Code   RO         3461    .ARM.Collect$$rtentry$$0000000D  c_w.l(__rtentry2.o)
    0x08000224   0x08000224   0x00000002   Code   RO         3547    .ARM.Collect$$rtexit$$00000000  c_w.l(rtexit.o)
    0x08000226   0x08000226   0x00000000   Code   RO         3606    .ARM.Collect$$rtexit$$00000002  c_w.l(rtexit2.o)
    0x08000226   0x08000226   0x00000004   Code   RO         3607    .ARM.Collect$$rtexit$$00000003  c_w.l(rtexit2.o)
    0x0800022a   0x0800022a   0x00000006   Code   RO         3608    .ARM.Collect$$rtexit$$00000004  c_w.l(rtexit2.o)
    0x08000230   0x08000230   0x00000040   Code   RO            4    .text               startup_stm32f407xx.o
    0x08000270   0x08000270   0x00000002   Code   RO         3313    .text               c_w.l(use_no_semi_2.o)
    0x08000272   0x08000272   0x000000ee   Code   RO         3315    .text               c_w.l(lludivv7m.o)
    0x08000360   0x08000360   0x00000048   Code   RO         3317    .text               c_w.l(llsdiv.o)
    0x080003a8   0x080003a8   0x00000018   Code   RO         3321    .text               c_w.l(__2printf.o)
    0x080003c0   0x080003c0   0x00000078   Code   RO         3329    .text               c_w.l(_printf_dec.o)
    0x08000438   0x08000438   0x00000188   Code   RO         3369    .text               c_w.l(__printf_flags_ss_wp.o)
    0x080005c0   0x080005c0   0x0000008a   Code   RO         3380    .text               c_w.l(rt_memcpy_v6.o)
    0x0800064a   0x0800064a   0x0000004e   Code   RO         3382    .text               c_w.l(rt_memclr_w.o)
    0x08000698   0x08000698   0x00000006   Code   RO         3384    .text               c_w.l(heapauxi.o)
    0x0800069e   0x0800069e   0x00000002   Code   RO         3388    .text               c_w.l(use_no_semi.o)
    0x080006a0   0x080006a0   0x000000b2   Code   RO         3399    .text               c_w.l(_printf_intcommon.o)
    0x08000752   0x08000752   0x00000002   PAD
    0x08000754   0x08000754   0x00000030   Code   RO         3403    .text               c_w.l(_printf_char_common.o)
    0x08000784   0x08000784   0x00000024   Code   RO         3411    .text               c_w.l(_printf_char_file.o)
    0x080007a8   0x080007a8   0x00000064   Code   RO         3444    .text               c_w.l(rt_memcpy_w.o)
    0x0800080c   0x0800080c   0x00000008   Code   RO         3482    .text               c_w.l(ferror.o)
    0x08000814   0x08000814   0x0000004a   Code   RO         3488    .text               c_w.l(sys_stackheap_outer.o)
    0x0800085e   0x0800085e   0x00000012   Code   RO         3527    .text               c_w.l(exit.o)
    0x08000870   0x08000870   0x00000008   Code   RO         3544    .text               c_w.l(libspace.o)
    0x08000878   0x08000878   0x00000002   Code   RO          371    i.BusFault_Handler  stm32f4xx_it.o
    0x0800087a   0x0800087a   0x00000002   Code   RO          372    i.DebugMon_Handler  stm32f4xx_it.o
    0x0800087c   0x0800087c   0x00000006   Code   RO          373    i.EXTI0_IRQHandler  stm32f4xx_it.o
    0x08000882   0x08000882   0x00000008   Code   RO         3208    i.Encoder_Delta16   encoder.o
    0x0800088a   0x0800088a   0x00000002   PAD
    0x0800088c   0x0800088c   0x00000008   Code   RO         3209    i.Encoder_GetSample  encoder.o
    0x08000894   0x08000894   0x00000044   Code   RO         3210    i.Encoder_Init      encoder.o
    0x080008d8   0x080008d8   0x00000038   Code   RO         3211    i.Encoder_Reset     encoder.o
    0x08000910   0x08000910   0x00000098   Code   RO         3212    i.Encoder_Update    encoder.o
    0x080009a8   0x080009a8   0x00000004   Code   RO           13    i.Error_Handler     main.o
    0x080009ac   0x080009ac   0x0000009c   Code   RO         2966    i.Gray8_ReadMask    gray.o
    0x08000a48   0x08000a48   0x00000028   Code   RO         2967    i.Gray_DelayUs      gray.o
    0x08000a70   0x08000a70   0x000000a0   Code   RO         2968    i.Gray_Init         gray.o
    0x08000b10   0x08000b10   0x00000098   Code   RO         2969    i.Gray_Read         gray.o
    0x08000ba8   0x08000ba8   0x00000024   Code   RO         2343    i.HAL_Delay         stm32f4xx_hal.o
    0x08000bcc   0x08000bcc   0x00000014   Code   RO           14    i.HAL_GPIO_EXTI_Callback  main.o
    0x08000be0   0x08000be0   0x00000018   Code   RO         1810    i.HAL_GPIO_EXTI_IRQHandler  stm32f4xx_hal_gpio.o
    0x08000bf8   0x08000bf8   0x000001f0   Code   RO         1811    i.HAL_GPIO_Init     stm32f4xx_hal_gpio.o
    0x08000de8   0x08000de8   0x0000000a   Code   RO         1813    i.HAL_GPIO_ReadPin  stm32f4xx_hal_gpio.o
    0x08000df2   0x08000df2   0x00000010   Code   RO         1814    i.HAL_GPIO_TogglePin  stm32f4xx_hal_gpio.o
    0x08000e02   0x08000e02   0x0000000a   Code   RO         1815    i.HAL_GPIO_WritePin  stm32f4xx_hal_gpio.o
    0x08000e0c   0x08000e0c   0x0000000c   Code   RO         2349    i.HAL_GetTick       stm32f4xx_hal.o
    0x08000e18   0x08000e18   0x00000010   Code   RO         2355    i.HAL_IncTick       stm32f4xx_hal.o
    0x08000e28   0x08000e28   0x00000034   Code   RO         2356    i.HAL_Init          stm32f4xx_hal.o
    0x08000e5c   0x08000e5c   0x00000040   Code   RO         2357    i.HAL_InitTick      stm32f4xx_hal.o
    0x08000e9c   0x08000e9c   0x00000030   Code   RO          459    i.HAL_MspInit       stm32f4xx_hal_msp.o
    0x08000ecc   0x08000ecc   0x0000001a   Code   RO         2201    i.HAL_NVIC_EnableIRQ  stm32f4xx_hal_cortex.o
    0x08000ee6   0x08000ee6   0x00000002   PAD
    0x08000ee8   0x08000ee8   0x00000040   Code   RO         2207    i.HAL_NVIC_SetPriority  stm32f4xx_hal_cortex.o
    0x08000f28   0x08000f28   0x00000024   Code   RO         2208    i.HAL_NVIC_SetPriorityGrouping  stm32f4xx_hal_cortex.o
    0x08000f4c   0x08000f4c   0x00000134   Code   RO         1457    i.HAL_RCC_ClockConfig  stm32f4xx_hal_rcc.o
    0x08001080   0x08001080   0x00000064   Code   RO         1466    i.HAL_RCC_GetSysClockFreq  stm32f4xx_hal_rcc.o
    0x080010e4   0x080010e4   0x0000036c   Code   RO         1469    i.HAL_RCC_OscConfig  stm32f4xx_hal_rcc.o
    0x08001450   0x08001450   0x00000028   Code   RO         2212    i.HAL_SYSTICK_Config  stm32f4xx_hal_cortex.o
    0x08001478   0x08001478   0x00000002   Code   RO         1189    i.HAL_TIMEx_BreakCallback  stm32f4xx_hal_tim_ex.o
    0x0800147a   0x0800147a   0x00000002   Code   RO         1190    i.HAL_TIMEx_CommutCallback  stm32f4xx_hal_tim_ex.o
    0x0800147c   0x0800147c   0x00000090   Code   RO         1208    i.HAL_TIMEx_MasterConfigSynchronization  stm32f4xx_hal_tim_ex.o
    0x0800150c   0x0800150c   0x0000005a   Code   RO          485    i.HAL_TIM_Base_Init  stm32f4xx_hal_tim.o
    0x08001566   0x08001566   0x00000002   PAD
    0x08001568   0x08001568   0x0000003c   Code   RO          271    i.HAL_TIM_Base_MspInit  tim.o
    0x080015a4   0x080015a4   0x00000080   Code   RO          490    i.HAL_TIM_Base_Start_IT  stm32f4xx_hal_tim.o
    0x08001624   0x08001624   0x000000dc   Code   RO          494    i.HAL_TIM_ConfigClockSource  stm32f4xx_hal_tim.o
    0x08001700   0x08001700   0x000000a4   Code   RO          506    i.HAL_TIM_Encoder_Init  stm32f4xx_hal_tim.o
    0x080017a4   0x080017a4   0x000000bc   Code   RO          273    i.HAL_TIM_Encoder_MspInit  tim.o
    0x08001860   0x08001860   0x0000008e   Code   RO          509    i.HAL_TIM_Encoder_Start  stm32f4xx_hal_tim.o
    0x080018ee   0x080018ee   0x00000066   Code   RO          512    i.HAL_TIM_Encoder_Stop  stm32f4xx_hal_tim.o
    0x08001954   0x08001954   0x00000002   Code   RO          519    i.HAL_TIM_IC_CaptureCallback  stm32f4xx_hal_tim.o
    0x08001956   0x08001956   0x00000130   Code   RO          533    i.HAL_TIM_IRQHandler  stm32f4xx_hal_tim.o
    0x08001a86   0x08001a86   0x00000002   PAD
    0x08001a88   0x08001a88   0x00000080   Code   RO          274    i.HAL_TIM_MspPostInit  tim.o
    0x08001b08   0x08001b08   0x00000002   Code   RO          536    i.HAL_TIM_OC_DelayElapsedCallback  stm32f4xx_hal_tim.o
    0x08001b0a   0x08001b0a   0x000000cc   Code   RO          557    i.HAL_TIM_PWM_ConfigChannel  stm32f4xx_hal_tim.o
    0x08001bd6   0x08001bd6   0x0000005a   Code   RO          560    i.HAL_TIM_PWM_Init  stm32f4xx_hal_tim.o
    0x08001c30   0x08001c30   0x00000040   Code   RO          276    i.HAL_TIM_PWM_MspInit  tim.o
    0x08001c70   0x08001c70   0x00000002   Code   RO          563    i.HAL_TIM_PWM_PulseFinishedCallback  stm32f4xx_hal_tim.o
    0x08001c72   0x08001c72   0x00000002   PAD
    0x08001c74   0x08001c74   0x000000c8   Code   RO          565    i.HAL_TIM_PWM_Start  stm32f4xx_hal_tim.o
    0x08001d3c   0x08001d3c   0x00000034   Code   RO           15    i.HAL_TIM_PeriodElapsedCallback  main.o
    0x08001d70   0x08001d70   0x00000002   Code   RO          576    i.HAL_TIM_TriggerCallback  stm32f4xx_hal_tim.o
    0x08001d72   0x08001d72   0x00000002   Code   RO          374    i.HardFault_Handler  stm32f4xx_it.o
    0x08001d74   0x08001d74   0x00000018   Code   RO         3170    i.LineFollow_ClampPwm  line_follow.o
    0x08001d8c   0x08001d8c   0x00000010   Code   RO         3171    i.LineFollow_Reset  line_follow.o
    0x08001d9c   0x08001d9c   0x00000120   Code   RO         3172    i.LineFollow_Step   line_follow.o
    0x08001ebc   0x08001ebc   0x00000064   Code   RO          277    i.MX_EncoderTimer_Init  tim.o
    0x08001f20   0x08001f20   0x000000e4   Code   RO          246    i.MX_GPIO_Init      gpio.o
    0x08002004   0x08002004   0x0000006c   Code   RO          278    i.MX_TIM1_Init      tim.o
    0x08002070   0x08002070   0x00000010   Code   RO          279    i.MX_TIM2_Init      tim.o
    0x08002080   0x08002080   0x00000010   Code   RO          280    i.MX_TIM3_Init      tim.o
    0x08002090   0x08002090   0x00000080   Code   RO          281    i.MX_TIM4_Init      tim.o
    0x08002110   0x08002110   0x00000078   Code   RO          282    i.MX_TIM5_Init      tim.o
    0x08002188   0x08002188   0x00000002   Code   RO          375    i.MemManage_Handler  stm32f4xx_it.o
    0x0800218a   0x0800218a   0x00000002   PAD
    0x0800218c   0x0800218c   0x00000050   Code   RO         3088    i.Motor_Brake       motor.o
    0x080021dc   0x080021dc   0x00000012   Code   RO         3089    i.Motor_Clamp       motor.o
    0x080021ee   0x080021ee   0x00000002   PAD
    0x080021f0   0x080021f0   0x0000002c   Code   RO         3090    i.Motor_Init        motor.o
    0x0800221c   0x0800221c   0x00000020   Code   RO         3091    i.Motor_PermilleToCompare  motor.o
    0x0800223c   0x0800223c   0x0000003a   Code   RO         3092    i.Motor_SetDirection  motor.o
    0x08002276   0x08002276   0x00000002   PAD
    0x08002278   0x08002278   0x00000070   Code   RO         3093    i.Motor_SetSignedPermille  motor.o
    0x080022e8   0x080022e8   0x00000050   Code   RO         3094    i.Motor_Stop        motor.o
    0x08002338   0x08002338   0x00000002   Code   RO          376    i.NMI_Handler       stm32f4xx_it.o
    0x0800233a   0x0800233a   0x00000022   Code   RO         3012    i.OLED_Command      oled.o
    0x0800235c   0x0800235c   0x00000032   Code   RO         3013    i.OLED_FormatBits   oled.o
    0x0800238e   0x0800238e   0x00000002   PAD
    0x08002390   0x08002390   0x00000118   Code   RO         3014    i.OLED_Init         oled.o
    0x080024a8   0x080024a8   0x00000268   Code   RO         3015    i.OLED_ShowPhase2   oled.o
    0x08002710   0x08002710   0x00000064   Code   RO         3016    i.OLED_ShowTimeMs   oled.o
    0x08002774   0x08002774   0x0000002a   Code   RO         3017    i.OLED_Start        oled.o
    0x0800279e   0x0800279e   0x00000022   Code   RO         3018    i.OLED_Stop         oled.o
    0x080027c0   0x080027c0   0x0000004e   Code   RO         3019    i.OLED_WriteByte    oled.o
    0x0800280e   0x0800280e   0x00000002   PAD
    0x08002810   0x08002810   0x00000138   Code   RO         3020    i.OLED_WriteLine    oled.o
    0x08002948   0x08002948   0x00000038   Code   RO         3021    i.OLED_WritePin     oled.o
    0x08002980   0x08002980   0x00000002   Code   RO          377    i.PendSV_Handler    stm32f4xx_it.o
    0x08002982   0x08002982   0x00000016   Code   RO           16    i.Phase4_CountBits  main.o
    0x08002998   0x08002998   0x000000b8   Code   RO           17    i.Phase4_OledRefresh  main.o
    0x08002a50   0x08002a50   0x00000018   Code   RO           18    i.Phase4_ReadStartKey  main.o
    0x08002a68   0x08002a68   0x00000038   Code   RO           19    i.Phase4_RequestStep  main.o
    0x08002aa0   0x08002aa0   0x00000040   Code   RO           20    i.Phase4_SpeedStep  main.o
    0x08002ae0   0x08002ae0   0x00000068   Code   RO           21    i.Phase4_Start      main.o
    0x08002b48   0x08002b48   0x0000005c   Code   RO           22    i.Phase4_Stop       main.o
    0x08002ba4   0x08002ba4   0x00000064   Code   RO           23    i.Phase4_StopLineStep  main.o
    0x08002c08   0x08002c08   0x00000014   Code   RO           24    i.Phase4_UpdateElapsed  main.o
    0x08002c1c   0x08002c1c   0x00000150   Code   RO           25    i.Phase4_VofaSend   main.o
    0x08002d6c   0x08002d6c   0x00000002   Code   RO          378    i.SVC_Handler       stm32f4xx_it.o
    0x08002d6e   0x08002d6e   0x00000002   PAD
    0x08002d70   0x08002d70   0x00000018   Code   RO         3261    i.Servo_Init        servo.o
    0x08002d88   0x08002d88   0x0000002c   Code   RO         3262    i.Servo_SetAngle    servo.o
    0x08002db4   0x08002db4   0x00000014   Code   RO         3263    i.Servo_StartSweep  servo.o
    0x08002dc8   0x08002dc8   0x00000010   Code   RO         3264    i.Servo_StopSweep   servo.o
    0x08002dd8   0x08002dd8   0x00000060   Code   RO         3265    i.Servo_SweepStep   servo.o
    0x08002e38   0x08002e38   0x000000b4   Code   RO         3095    i.SpeedControl_AxisStep  motor.o
    0x08002eec   0x08002eec   0x00000020   Code   RO         3096    i.SpeedControl_Reset  motor.o
    0x08002f0c   0x08002f0c   0x0000000c   Code   RO         3097    i.SpeedControl_ResetAxis  motor.o
    0x08002f18   0x08002f18   0x00000038   Code   RO         3098    i.SpeedControl_Step  motor.o
    0x08002f50   0x08002f50   0x00000004   Code   RO          379    i.SysTick_Handler   stm32f4xx_it.o
    0x08002f54   0x08002f54   0x00000098   Code   RO           26    i.SystemClock_Config  main.o
    0x08002fec   0x08002fec   0x0000007c   Code   RO         2594    i.SystemCoreClockUpdate  system_stm32f4xx.o
    0x08003068   0x08003068   0x00000010   Code   RO         2595    i.SystemInit        system_stm32f4xx.o
    0x08003078   0x08003078   0x0000000c   Code   RO          380    i.TIM1_UP_TIM10_IRQHandler  stm32f4xx_it.o
    0x08003084   0x08003084   0x000000d8   Code   RO          578    i.TIM_Base_SetConfig  stm32f4xx_hal_tim.o
    0x0800315c   0x0800315c   0x0000001a   Code   RO          579    i.TIM_CCxChannelCmd  stm32f4xx_hal_tim.o
    0x08003176   0x08003176   0x00000014   Code   RO          589    i.TIM_ETR_SetConfig  stm32f4xx_hal_tim.o
    0x0800318a   0x0800318a   0x00000010   Code   RO          590    i.TIM_ITRx_SetConfig  stm32f4xx_hal_tim.o
    0x0800319a   0x0800319a   0x00000002   PAD
    0x0800319c   0x0800319c   0x00000060   Code   RO          591    i.TIM_OC1_SetConfig  stm32f4xx_hal_tim.o
    0x080031fc   0x080031fc   0x0000006c   Code   RO          592    i.TIM_OC2_SetConfig  stm32f4xx_hal_tim.o
    0x08003268   0x08003268   0x00000068   Code   RO          593    i.TIM_OC3_SetConfig  stm32f4xx_hal_tim.o
    0x080032d0   0x080032d0   0x00000050   Code   RO          594    i.TIM_OC4_SetConfig  stm32f4xx_hal_tim.o
    0x08003320   0x08003320   0x00000022   Code   RO          596    i.TIM_TI1_ConfigInputStage  stm32f4xx_hal_tim.o
    0x08003342   0x08003342   0x00000024   Code   RO          598    i.TIM_TI2_ConfigInputStage  stm32f4xx_hal_tim.o
    0x08003366   0x08003366   0x00000002   PAD
    0x08003368   0x08003368   0x000001b0   Code   RO         2635    i.UART1_Init        bsp_uart.o
    0x08003518   0x08003518   0x00000044   Code   RO         2637    i.UART1_SendData    bsp_uart.o
    0x0800355c   0x0800355c   0x000000dc   Code   RO         2656    i.UART4_IRQHandler  bsp_uart.o
    0x08003638   0x08003638   0x000000cc   Code   RO         2664    i.UART5_IRQHandler  bsp_uart.o
    0x08003704   0x08003704   0x000000d0   Code   RO         2676    i.USART1_IRQHandler  bsp_uart.o
    0x080037d4   0x080037d4   0x000000dc   Code   RO         2677    i.USART2_IRQHandler  bsp_uart.o
    0x080038b0   0x080038b0   0x000000dc   Code   RO         2678    i.USART3_IRQHandler  bsp_uart.o
    0x0800398c   0x0800398c   0x000000dc   Code   RO         2679    i.USART6_IRQHandler  bsp_uart.o
    0x08003a68   0x08003a68   0x00000002   Code   RO          381    i.UsageFault_Handler  stm32f4xx_it.o
    0x08003a6a   0x08003a6a   0x00000020   Code   RO         2214    i.__NVIC_SetPriority  stm32f4xx_hal_cortex.o
    0x08003a8a   0x08003a8a   0x0000000e   Code   RO         3362    i._is_digit         c_w.l(__printf_wp.o)
    0x08003a98   0x08003a98   0x00000002   Code   RO         2680    i._sys_exit         bsp_uart.o
    0x08003a9a   0x08003a9a   0x0000000e   Code   RO         2682    i.fputc             bsp_uart.o
    0x08003aa8   0x08003aa8   0x0000014c   Code   RO           27    i.main              main.o
    0x08003bf4   0x08003bf4   0x0000000a   Code   RO         3618    x$fpl$fpinit        fz_wm.l(fpinit.o)
    0x08003bfe   0x08003bfe   0x00000010   Data   RO         2596    .constdata          system_stm32f4xx.o
    0x08003c0e   0x08003c0e   0x00000008   Data   RO         2970    .constdata          gray.o
    0x08003c16   0x08003c16   0x00000002   PAD
    0x08003c18   0x08003c18   0x000000be   Data   RO         3022    .constdata          oled.o
    0x08003cd6   0x08003cd6   0x00000011   Data   RO         3370    .constdata          c_w.l(__printf_flags_ss_wp.o)
    0x08003ce7   0x08003ce7   0x00000001   PAD
    0x08003ce8   0x08003ce8   0x00000042   Data   RO         2685    .conststring        bsp_uart.o
    0x08003d2a   0x08003d2a   0x00000002   PAD
    0x08003d2c   0x08003d2c   0x00000020   Data   RO         3674    Region$$Table       anon$$obj.o


    Execution Region RW_IRAM1 (Exec base: 0x20000000, Load base: 0x08003d4c, Size: 0x00003ef0, Max: 0x0001c000, ABSOLUTE)

    Exec Addr    Load Addr    Size         Type   Attr      Idx    E Section Name        Object

    0x20000000   0x08003d4c   0x00000040   Data   RW           29    .data               main.o
    0x20000040   0x08003d8c   0x0000000c   Data   RW         2363    .data               stm32f4xx_hal.o
    0x2000004c   0x08003d98   0x00000004   Data   RW         2598    .data               system_stm32f4xx.o
    0x20000050   0x08003d9c   0x00000010   Data   RW         2686    .data               bsp_uart.o
    0x20000060   0x08003dac   0x00000004   Data   RW         2687    .data               bsp_uart.o
    0x20000064   0x08003db0   0x00000003   Data   RW         2971    .data               gray.o
    0x20000067   0x08003db3   0x00000001   PAD
    0x20000068   0x08003db4   0x00000004   Data   RW         3214    .data               encoder.o
    0x2000006c   0x08003db8   0x00000008   Data   RW         3266    .data               servo.o
    0x20000074        -       0x00000038   Zero   RW           28    .bss                main.o
    0x200000ac        -       0x00000168   Zero   RW          283    .bss                tim.o
    0x20000214        -       0x00002a60   Zero   RW         2684    .bss                bsp_uart.o
    0x20002c74        -       0x00000018   Zero   RW         3213    .bss                encoder.o
    0x20002c8c        -       0x00000060   Zero   RW         3545    .bss                c_w.l(libspace.o)
    0x20002cec   0x08003dc0   0x00000004   PAD
    0x20002cf0        -       0x00000200   Zero   RW            2    HEAP                startup_stm32f407xx.o
    0x20002ef0        -       0x00001000   Zero   RW            1    STACK               startup_stm32f407xx.o


    Execution Region RW_IRAM2 (Exec base: 0x2001c000, Load base: 0x08003dc0, Size: 0x00000000, Max: 0x00004000, ABSOLUTE)

    **** No section assigned to this execution region ****


==============================================================================

Image component sizes


      Code (inc. data)   RO Data    RW Data    ZI Data      Debug   Object Name

      1808        502         66         20      10848      11002   bsp_uart.o
       292         48          0          4         24       4216   encoder.o
       228         18          0          0          0       1079   gpio.o
       508         50          8          3          0       4748   gray.o
       328          0          0          0          0       3837   line_follow.o
      1562        152          0         64         56     697477   main.o
       704         46          0          0          0       9815   motor.o
      1602         90        190          0          0       8448   oled.o
       200         28          0          8          0       3529   servo.o
        64         26        392          0       4608        868   startup_stm32f407xx.o
       180         28          0         12          0       9709   stm32f4xx_hal.o
       198         14          0          0          0      34039   stm32f4xx_hal_cortex.o
       556         52          0          0          0       4339   stm32f4xx_hal_gpio.o
        48          6          0          0          0        930   stm32f4xx_hal_msp.o
      1284         52          0          0          0       4194   stm32f4xx_hal_rcc.o
      2388        138          0          0          0      20222   stm32f4xx_hal_tim.o
       148         28          0          0          0       2633   stm32f4xx_hal_tim_ex.o
        38          6          0          0          0       5524   stm32f4xx_it.o
       140         24         16          4          0       2019   system_stm32f4xx.o
       928        106          0          0        360       7272   tim.o

    ----------------------------------------------------------------------
     13230       1414        708        116      15896     835900   Object Totals
         0          0         32          0          0          0   (incl. Generated)
        26          0          4          1          0          0   (incl. Padding)

    ----------------------------------------------------------------------

      Code (inc. data)   RO Data    RW Data    ZI Data      Debug   Library Member Name

        24          4          0          0          0         84   __2printf.o
         8          0          0          0          0         68   __main.o
       392          4         17          0          0         92   __printf_flags_ss_wp.o
        14          0          0          0          0         68   __printf_wp.o
         0          0          0          0          0          0   __rtentry.o
        12          0          0          0          0          0   __rtentry2.o
         6          0          0          0          0          0   __rtentry4.o
        52          8          0          0          0          0   __scatter.o
        26          0          0          0          0          0   __scatter_copy.o
        28          0          0          0          0          0   __scatter_zi.o
        48          6          0          0          0         96   _printf_char_common.o
        36          4          0          0          0         80   _printf_char_file.o
         6          0          0          0          0          0   _printf_d.o
       120         16          0          0          0         92   _printf_dec.o
       178          0          0          0          0         88   _printf_intcommon.o
         0          0          0          0          0          0   _printf_percent.o
         4          0          0          0          0          0   _printf_percent_end.o
        18          0          0          0          0         80   exit.o
         8          0          0          0          0         68   ferror.o
         6          0          0          0          0        152   heapauxi.o
         2          0          0          0          0          0   libinit.o
         6          0          0          0          0          0   libinit2.o
         2          0          0          0          0          0   libshutdown.o
         2          0          0          0          0          0   libshutdown2.o
         8          4          0          0         96         68   libspace.o
        72          0          0          0          0         76   llsdiv.o
       238          0          0          0          0        100   lludivv7m.o
        78          0          0          0          0         80   rt_memclr_w.o
       138          0          0          0          0         68   rt_memcpy_v6.o
       100          0          0          0          0         80   rt_memcpy_w.o
         2          0          0          0          0          0   rtexit.o
        10          0          0          0          0          0   rtexit2.o
        74          0          0          0          0         80   sys_stackheap_outer.o
         2          0          0          0          0         68   use_no_semi.o
         2          0          0          0          0         68   use_no_semi_2.o
        10          0          0          0          0        116   fpinit.o

    ----------------------------------------------------------------------
      1736         46         18          0        100       1772   Library Totals
         4          0          1          0          4          0   (incl. Padding)

    ----------------------------------------------------------------------

      Code (inc. data)   RO Data    RW Data    ZI Data      Debug   Library Name

      1722         46         17          0         96       1656   c_w.l
        10          0          0          0          0        116   fz_wm.l

    ----------------------------------------------------------------------
      1736         46         18          0        100       1772   Library Totals

    ----------------------------------------------------------------------

==============================================================================


      Code (inc. data)   RO Data    RW Data    ZI Data      Debug   

     14966       1460        726        116      15996     824440   Grand Totals
     14966       1460        726        116      15996     824440   ELF Image Totals
     14966       1460        726        116          0          0   ROM Totals

==============================================================================

    Total RO  Size (Code + RO Data)                15692 (  15.32kB)
    Total RW  Size (RW Data + ZI Data)             16112 (  15.73kB)
    Total ROM Size (Code + RO Data + RW Data)      15808 (  15.44kB)

==============================================================================

